<html>
<body>
<pre>
<h1>µVision Build Log</h1>
<h2>Tool Versions:</h2>
IDE-Version: ¦ÌVision V5.27.1.0
Copyright (C) 2019 ARM Ltd and ARM Germany GmbH. All rights reserved.
License Information: 666 FuckYOU, Fuck, LIC=IK1BF-6KQ2M-8TP3P-MX5X4-19VME-YCGHS
 
Tool Versions:
Toolchain:       MDK-ARM Plus  Version: 5.26.2.0
Toolchain Path:  C:\Keil_v5\ARM\ARMCC\Bin
C Compiler:      Armcc.exe V5.06 update 6 (build 750)
Assembler:       Armasm.exe V5.06 update 6 (build 750)
Linker/Locator:  ArmLink.exe V5.06 update 6 (build 750)
Library Manager: ArmAr.exe V5.06 update 6 (build 750)
Hex Converter:   FromElf.exe V5.06 update 6 (build 750)
CPU DLL:         SARMCM3.DLL V5.26.2.0
Dialog DLL:      DARMCM1.DLL V1.19.1.0
Target DLL:      CMSIS_AGDI.dll V1.30.6.0
Dialog DLL:      TARMCM1.DLL V1.14.0.0
 
<h2>Project:</h2>
D:\Projects\Embedded-Projects\HT32F52352\FlashLightOS\FlashLightOS.uvprojx
Project File Date:  07/15/2023

<h2>Output:</h2>
*** Using Compiler 'V5.06 update 6 (build 750)', folder: 'C:\Keil_v5\ARM\ARMCC\Bin'
Build target 'FlashLightOS'
compiling main.c...
User\main.c(74): warning:  #111-D: statement is unreachable
   return 0;
User\main.c: 1 warning, 0 errors
compiling selftestlogger.c...
compiling clear.c...
compiling INA219.c...
compiling usrmod.c...
compiling LinearTabOp.c...
compiling 24Cxx.c...
compiling AD5693R.c...
compiling LoginLogout.c...
compiling MCUBeatTimer.c...
compiling PMBUS.c...
compiling I2CDrv.c...
compiling runtimelogger.c...
compiling cfgmgmt.c...
compiling cfgfileop.c...
compiling logger.c...
compiling termcfg.c...
compiling help.c...
compiling reboot.c...
compiling LEDMgmt.c...
compiling ADC.c...
compiling PWMDIM.c...
compiling SideKey.c...
compiling CommandHistory.c...
compiling DeepSleep.c...
compiling UserIdleTimer.c...
compiling BattMonitor.c...
compiling CommandProcUtil.c...
compiling UsartTxSupport.c...
compiling UsartRxSupport.c...
compiling LinearDIM.c...
compiling HandlerEntry.c...
compiling CommandHandler.c...
compiling ParameterProcessor.c...
compiling TinyShell.c...
compiling cprtxtgen.c...
compiling ver.c...
compiling logclr.c...
compiling imonadj.c...
compiling logview.c...
compiling logbkup.c...
compiling runlogcfg.c...
compiling modeenacfg.c...
compiling modecurcfg.c...
compiling runlogview.c...
compiling strobecfg.c...
compiling modeadvcfg.c...
compiling mostrancfg.c...
compiling breathecfg.c...
compiling thermalcfg.c...
compiling modeporcfg.c...
compiling RampMode.c...
compiling battcfg.c...
compiling XmodemDigestEncrypt.c...
compiling customflashcfg.c...
compiling modeview.c...
compiling SpecialModeTimer.c...
compiling OnOffSwitchLogic.c...
compiling MorseCodeTransmitMode.c...
compiling BreathMode.c...
compiling Customflash.c...
compiling XmodemTX.c...
compiling XmodemRX.c...
compiling ModeSwitchLogic.c...
compiling XmodemInfo.c...
linking...
Program Size: Code=91344 RO-data=32080 RW-data=652 ZI-data=7156  
FromELF: creating hex file...
".\Objects\ServerLCS.axf" - 0 Error(s), 1 Warning(s).

<h2>Software Packages used:</h2>

Package Vendor: Holtek
                https://mcu.holtek.com.tw/pack/Holtek.HT32_DFP.1.0.44.pack
                Holtek.HT32_DFP.1.0.44
                Holtek HT32 Family Support

<h2>Collection of Component include folders:</h2>
  .\RTE\_FlashLightOS
  C:\Keil_v5\ARM\PACK\Holtek\HT32_DFP\1.0.44\ARM\INC\Holtek\HT32F5xxxx

<h2>Collection of Component Files used:</h2>
Build Time Elapsed:  00:00:03
</pre>
</body>
</html>
