<html>
<body>
<pre>
<h1>µVision Build Log</h1>
<h2>Tool Versions:</h2>
IDE-Version: ¦ÌVision V5.27.1.0
Copyright (C) 2019 ARM Ltd and ARM Germany GmbH. All rights reserved.
License Information: 666 FuckYOU, Fuck, LIC=IK1BF-6KQ2M-8TP3P-MX5X4-19VME-YCGHS
 
Tool Versions:
Toolchain:       MDK-ARM Plus  Version: 5.26.2.0
Toolchain Path:  C:\Keil_v5\ARM\ARMCC\Bin
C Compiler:      Armcc.exe V5.06 update 6 (build 750)
Assembler:       Armasm.exe V5.06 update 6 (build 750)
Linker/Locator:  ArmLink.exe V5.06 update 6 (build 750)
Library Manager: ArmAr.exe V5.06 update 6 (build 750)
Hex Converter:   FromElf.exe V5.06 update 6 (build 750)
CPU DLL:         SARMCM3.DLL V5.26.2.0
Dialog DLL:      DARMCM1.DLL V1.19.1.0
Target DLL:      CMSIS_AGDI.dll V1.30.6.0
Dialog DLL:      TARMCM1.DLL V1.14.0.0
 
<h2>Project:</h2>
D:\Projects\Embedded-Projects\HT32F52352\FlashLightOS\FlashLightOS.uvprojx
Project File Date:  07/15/2023

<h2>Output:</h2>
*** Using Compiler 'V5.06 update 6 (build 750)', folder: 'C:\Keil_v5\ARM\ARMCC\Bin'
Build target 'FlashLightOS'
compiling main.c...
User\main.c(74): warning:  #111-D: statement is unreachable
   return 0;
User\main.c: 1 warning, 0 errors
compiling delay.c...
compiling ht32f5xxxx_01_it.c...
compiling ht32f5xxxx_ebi.c...
compiling MCUBeatTimer.c...
compiling ht32f5xxxx_bftm.c...
compiling system_ht32f5xxxx_01.c...
compiling ht32f5xxxx_crc.c...
compiling ht32f5xxxx_adc.c...
compiling ht32f5xxxx_cmp.c...
compiling ht32_cm0plus_misc.c...
compiling ht32f5xxxx_exti.c...
compiling LinearTabOp.c...
compiling ht32f5xxxx_flash.c...
compiling ht32f5xxxx_gpio.c...
compiling ht32f5xxxx_ckcu.c...
compiling ht32f5xxxx_i2c.c...
compiling ht32f5xxxx_i2s.c...
compiling ht32f5xxxx_pdma.c...
compiling ht32f5xxxx_rstcu.c...
compiling ht32f5xxxx_mctm.c...
compiling ht32f5xxxx_sci.c...
compiling ht32f5xxxx_rtc.c...
compiling ht32f5xxxx_spi.c...
compiling ht32f5xxxx_pwrcu.c...
compiling ht32f5xxxx_wdt.c...
compiling ht32f5xxxx_usart.c...
compiling ht32f5xxxx_usbd.c...
compiling cfgfileop.c...
compiling ht32f5xxxx_tm.c...
compiling logger.c...
compiling AES256.c...
compiling selftestlogger.c...
compiling AD5693R.c...
compiling clear.c...
compiling runtimelogger.c...
compiling I2CDrv.c...
compiling PMBUS.c...
compiling 24Cxx.c...
compiling INA219.c...
compiling LoginLogout.c...
compiling usrmod.c...
compiling cfgmgmt.c...
compiling help.c...
compiling termcfg.c...
compiling reboot.c...
compiling LEDMgmt.c...
compiling ADC.c...
compiling SideKey.c...
compiling PWMDIM.c...
compiling BattMonitor.c...
compiling UserIdleTimer.c...
compiling HandlerEntry.c...
compiling CommandHistory.c...
compiling DeepSleep.c...
compiling UsartTxSupport.c...
compiling CommandProcUtil.c...
compiling UsartRxSupport.c...
compiling ParameterProcessor.c...
compiling LinearDIM.c...
compiling cprtxtgen.c...
compiling TinyShell.c...
compiling ver.c...
compiling CommandHandler.c...
compiling imonadj.c...
compiling logclr.c...
compiling logview.c...
compiling runlogview.c...
compiling modeenacfg.c...
compiling logbkup.c...
compiling runlogcfg.c...
compiling modecurcfg.c...
compiling strobecfg.c...
compiling mostrancfg.c...
compiling modeadvcfg.c...
compiling modeporcfg.c...
compiling breathecfg.c...
compiling thermalcfg.c...
compiling battcfg.c...
compiling customflashcfg.c...
compiling RampMode.c...
compiling XmodemDigestEncrypt.c...
compiling modeview.c...
compiling SpecialModeTimer.c...
compiling OnOffSwitchLogic.c...
compiling BreathMode.c...
compiling Customflash.c...
compiling MorseCodeTransmitMode.c...
compiling XmodemTX.c...
compiling XmodemRX.c...
compiling ModeSwitchLogic.c...
compiling XmodemInfo.c...
linking...
Program Size: Code=91352 RO-data=32052 RW-data=648 ZI-data=7160  
FromELF: creating hex file...
".\Objects\ServerLCS.axf" - 0 Error(s), 1 Warning(s).

<h2>Software Packages used:</h2>

Package Vendor: Holtek
                https://mcu.holtek.com.tw/pack/Holtek.HT32_DFP.1.0.44.pack
                Holtek.HT32_DFP.1.0.44
                Holtek HT32 Family Support

<h2>Collection of Component include folders:</h2>
  .\RTE\_FlashLightOS
  C:\Keil_v5\ARM\PACK\Holtek\HT32_DFP\1.0.44\ARM\INC\Holtek\HT32F5xxxx

<h2>Collection of Component Files used:</h2>
Build Time Elapsed:  00:00:03
</pre>
</body>
</html>
