Component: ARM Compiler 5.06 update 6 (build 750) Tool: armlink [4d35ed]

==============================================================================

Section Cross References

    main.o(i.main) refers to ht32f5xxxx_ckcu.o(i.CKCU_PeripClockConfig) for CKCU_PeripClockConfig
    main.o(i.main) refers to delay.o(i.delay_init) for delay_init
    main.o(i.main) refers to usartrxsupport.o(i.ConsoleInit) for ConsoleInit
    main.o(i.main) refers to i2cdrv.o(i.SMBUS_Init) for SMBUS_Init
    main.o(i.main) refers to mcubeattimer.o(i.EnableHBTimer) for EnableHBTimer
    main.o(i.main) refers to mcubeattimer.o(i.CheckHBTimerIsEnabled) for CheckHBTimerIsEnabled
    main.o(i.main) refers to ledmgmt.o(i.LED_Init) for LED_Init
    main.o(i.main) refers to ina219.o(i.INA219_POR) for INA219_POR
    main.o(i.main) refers to cfgfileop.o(i.PORConfHandler) for PORConfHandler
    main.o(i.main) refers to adc.o(i.InternalADC_Init) for InternalADC_Init
    main.o(i.main) refers to sidekey.o(i.SideKeyInit) for SideKeyInit
    main.o(i.main) refers to modeswitchlogic.o(i.ModeSwitchInit) for ModeSwitchInit
    main.o(i.main) refers to onoffswitchlogic.o(i.PStateInit) for PStateInit
    main.o(i.main) refers to pwmdim.o(i.PWMTimerInit) for PWMTimerInit
    main.o(i.main) refers to lineardim.o(i.LinearDIM_POR) for LinearDIM_POR
    main.o(i.main) refers to logger.o(i.LoggerHeader_POR) for LoggerHeader_POR
    main.o(i.main) refers to runtimelogger.o(i.RunLogModule_POR) for RunLogModule_POR
    main.o(i.main) refers to onoffswitchlogic.o(i.DriverLockPOR) for DriverLockPOR
    main.o(i.main) refers to usartrxsupport.o(i.ConsoleReconfigure) for ConsoleReconfigure
    main.o(i.main) refers to handlerentry.o(i.ShellProcUtilHandler) for ShellProcUtilHandler
    main.o(i.main) refers to sidekey.o(i.SideKey_LogicHandler) for SideKey_LogicHandler
    main.o(i.main) refers to modeswitchlogic.o(i.ModeSwitchLogicHandler) for ModeSwitchLogicHandler
    main.o(i.main) refers to onoffswitchlogic.o(i.PStateStateMachine) for PStateStateMachine
    main.o(i.main) refers to battmonitor.o(i.LowVoltageIndicate) for LowVoltageIndicate
    main.o(i.main) refers to lineardim.o(i.LEDShortCounter) for LEDShortCounter
    main.o(i.main) refers to battmonitor.o(i.RunTimeBatteryTelemetry) for RunTimeBatteryTelemetry
    main.o(i.main) refers to runtimelogger.o(i.RunTimeDataLogging) for RunTimeDataLogging
    main.o(i.main) refers to logger.o(i.LoggerHeader_AutoUpdateHandler) for LoggerHeader_AutoUpdateHandler
    main.o(i.main) refers to ledmgmt.o(i.LEDMgmt_CallBack) for LEDMgmt_CallBack
    main.o(i.main) refers to main.o(.data) for .data
    main.o(i.main) refers to onoffswitchlogic.o(.bss) for SysPstatebuf
    ht32f5xxxx_01_it.o(i.ADC_IRQHandler) refers to ht32f5xxxx_adc.o(i.ADC_GetIntStatus) for ADC_GetIntStatus
    ht32f5xxxx_01_it.o(i.ADC_IRQHandler) refers to adc.o(i.ADC_EOC_interrupt_Callback) for ADC_EOC_interrupt_Callback
    ht32f5xxxx_01_it.o(i.EXTI4_15_IRQHandler) refers to ht32f5xxxx_exti.o(i.EXTI_GetEdgeFlag) for EXTI_GetEdgeFlag
    ht32f5xxxx_01_it.o(i.EXTI4_15_IRQHandler) refers to ht32f5xxxx_exti.o(i.EXTI_ClearEdgeFlag) for EXTI_ClearEdgeFlag
    ht32f5xxxx_01_it.o(i.EXTI4_15_IRQHandler) refers to sidekey.o(i.SideKey_Callback) for SideKey_Callback
    ht32f5xxxx_01_it.o(i.GPTM0_IRQHandler) refers to ht32f5xxxx_tm.o(i.TM_GetFlagStatus) for TM_GetFlagStatus
    ht32f5xxxx_01_it.o(i.GPTM0_IRQHandler) refers to ht32f5xxxx_tm.o(i.TM_ClearFlag) for TM_ClearFlag
    ht32f5xxxx_01_it.o(i.GPTM0_IRQHandler) refers to ledmgmt.o(i.LEDMgmt_CallBack) for LEDMgmt_CallBack
    ht32f5xxxx_01_it.o(i.GPTM0_IRQHandler) refers to reboot.o(i.reboot_TIM_Callback) for reboot_TIM_Callback
    ht32f5xxxx_01_it.o(i.GPTM0_IRQHandler) refers to useridletimer.o(i.IdleTimerCallback) for IdleTimerCallback
    ht32f5xxxx_01_it.o(i.GPTM0_IRQHandler) refers to sidekey.o(i.SideKey_TIM_Callback) for SideKey_TIM_Callback
    ht32f5xxxx_01_it.o(i.GPTM0_IRQHandler) refers to main.o(.data) for EnteredMainApp
    ht32f5xxxx_01_it.o(i.GPTM0_IRQHandler) refers to xmodemrx.o(.data) for RXTimerFilpFlag
    ht32f5xxxx_01_it.o(i.GPTM0_IRQHandler) refers to deepsleep.o(.data) for DeepSleepTimerFlag
    ht32f5xxxx_01_it.o(i.GPTM0_IRQHandler) refers to loginlogout.o(.data) for LogErrTimer
    ht32f5xxxx_01_it.o(i.GPTM1_IRQHandler) refers to ht32f5xxxx_tm.o(i.TM_GetFlagStatus) for TM_GetFlagStatus
    ht32f5xxxx_01_it.o(i.GPTM1_IRQHandler) refers to ht32f5xxxx_tm.o(i.TM_ClearFlag) for TM_ClearFlag
    ht32f5xxxx_01_it.o(i.GPTM1_IRQHandler) refers to specialmodetimer.o(i.FlashTimerCallbackRoutine) for FlashTimerCallbackRoutine
    ht32f5xxxx_01_it.o(i.HardFault_Handler) refers to ht32f5xxxx_01_it.o(.data) for .data
    ht32f5xxxx_01_it.o(i.PDMA_CH2_5_IRQHandler) refers to ht32f5xxxx_pdma.o(i.PDMA_GetFlagStatus) for PDMA_GetFlagStatus
    ht32f5xxxx_01_it.o(i.PDMA_CH2_5_IRQHandler) refers to ht32f5xxxx_pdma.o(i.PDMA_ClearFlag) for PDMA_ClearFlag
[...]
    UsedCapacity                             0x200000e8   Data           4  battmonitor.o(.data)
    DeepSleepTimerFlag                       0x200000ec   Data           1  deepsleep.o(.data)
    DeepSleepTimer                           0x200000f0   Data           4  deepsleep.o(.data)
    Verifystat                               0x200000f4   Data           1  commandhandler.o(.data)
    TargetAccount                            0x200000f5   Data           1  commandhandler.o(.data)
    YConfirmState                            0x200000f6   Data           1  commandhandler.o(.data)
    AccountState                             0x200000f7   Data           1  commandhandler.o(.data)
    CmdHandle                                0x200000f8   Data           1  commandhandler.o(.data)
    YConfirmstr                              0x200000fc   Data           4  commandhandler.o(.data)
    ArugmentCount                            0x20000100   Data           4  commandhandler.o(.data)
    CurrentHistoryDepth                      0x20000104   Data           1  commandhistory.o(.data)
    CurrentViewHistory                       0x20000105   Data           1  commandhistory.o(.data)
    UARTIdleCNT                              0x20000106   Data           1  usartrxsupport.o(.data)
    ConsoleStat                              0x20000107   Data           1  usartrxsupport.o(.data)
    CurCmdField                              0x20000108   Data           1  usartrxsupport.o(.data)
    QueueRearPTR                             0x2000010a   Data           2  usartrxsupport.o(.data)
    RXLinBufPtr                              0x2000010c   Data           2  usartrxsupport.o(.data)
    RXLastLinBufPtr                          0x2000010e   Data           2  usartrxsupport.o(.data)
    TDMAStatu                                0x20000110   Data           1  usarttxsupport.o(.data)
    QueueFront                               0x20000114   Data           4  usarttxsupport.o(.data)
    QueueRear                                0x20000118   Data           4  usarttxsupport.o(.data)
    IdleTimer                                0x2000011c   Data           4  useridletimer.o(.data)
    ThermalsensorString                      0x20000120   Data           8  parameterprocessor.o(.data)
    LightModeString                          0x20000128   Data          28  parameterprocessor.o(.data)
    ModeGrpString                            0x20000160   Data          12  parameterprocessor.o(.data)
    FlashLightOSIcon                         0x20000194   Data          48  ver.o(.data)
    RunLogCmdState                           0x200001e8   Data           1  runlogcfg.o(.data)
    logbkupcmdstate                          0x200001f0   Data           1  logbkup.o(.data)
    ModeSelectStr                            0x200001f4   Data          36  modeenacfg.o(.data)
    CurMode                                  0x20000218   Data           3  modeswitchlogic.o(.data)
    ModeConst                                0x2000021c   Data          20  modeswitchlogic.o(.data)
    SpecModeConst                            0x20000230   Data          16  modeswitchlogic.o(.data)
    ModeGroupName                            0x20000240   Data          12  modeswitchlogic.o(.data)
    TimerHasStarted                          0x2000024c   Data           1  specialmodetimer.o(.data)
    TimerCanTrigger                          0x2000024d   Data           1  specialmodetimer.o(.data)
    BreathCurrent                            0x20000258   Data           4  breathmode.o(.data)
    RXTimerFilpFlag                          0x2000026e   Data           1  xmodemrx.o(.data)
    XmodemStatuString                        0x20000270   Data          28  xmodeminfo.o(.data)
    CfgFileUnion                             0x2000028c   Data        1892  cfgfileop.o(.bss)
    LoggerHdr                                0x200009f0   Data         112  logger.o(.bss)
    RunLogEntry                              0x20000a80   Data         128  runtimelogger.o(.bss)
    StepDownFilterBuf                        0x20000b00   Data          40  lineardim.o(.bss)
    RunTimeBattTelemResult                   0x20000b58   Data          16  battmonitor.o(.bss)
    CmdParamBuf                              0x20000b68   Data          80  commandhandler.o(.bss)
    HistoryBuf                               0x20000bb8   Data         768  commandhistory.o(.bss)
    RXBuffer                                 0x20000eb8   Data         135  usartrxsupport.o(.bss)
    RXRingBuffer                             0x20000f3f   Data         134  usartrxsupport.o(.bss)
    TXBUF                                    0x20000fc5   Data         384  usarttxsupport.o(.bss)
    LEDModeStr                               0x20001145   Data          32  modeswitchlogic.o(.bss)
    SysPstatebuf                             0x20001168   Data          24  onoffswitchlogic.o(.bss)
    XmodemTransferCtrl                       0x20001180   Data         156  xmodemrx.o(.bss)
    __libspace_start                         0x2000121c   Data          96  libspace.o(.bss)
    __temporary_stack_top$libspace           0x2000127c   Data           0  libspace.o(.bss)



==============================================================================

Memory Map of the image

  Image Entry point : 0x0000017d

  Load Region LR_IROM1 (Base: 0x00000000, Size: 0x0001e4ac, Max: 0x0001fe00, ABSOLUTE, COMPRESSED[0x0001e3a0])

    Execution Region ER_IROM1 (Exec base: 0x00000000, Load base: 0x00000000, Size: 0x0001e220, Max: 0x0001fe00, ABSOLUTE)

    Exec Addr    Load Addr    Size         Type   Attr      Idx    E Section Name        Object

    0x00000000   0x00000000   0x0000017c   Code   RO          519    RESET               startup_ht32f5xxxx_01.o
    0x0000017c   0x0000017c   0x00000008   Code   RO         6199  * !!!main             c_p.l(__main.o)
    0x00000184   0x00000184   0x0000003c   Code   RO         6691    !!!scatter          c_p.l(__scatter.o)
    0x000001c0   0x000001c0   0x0000001c   Code   RO         6693    !!handler_zi        c_p.l(__scatter_zi.o)
    0x000001dc   0x000001dc   0x00000002   Code   RO         6372    .ARM.Collect$$_printf_percent$$00000000  c_p.l(_printf_percent.o)
    0x000001de   0x000001de   0x0000000a   Code   RO         6361    .ARM.Collect$$_printf_percent$$00000001  c_p.l(_printf_n.o)
    0x000001e8   0x000001e8   0x0000000a   Code   RO         6363    .ARM.Collect$$_printf_percent$$00000002  c_p.l(_printf_p.o)
    0x000001f2   0x000001f2   0x0000000a   Code   RO         6368    .ARM.Collect$$_printf_percent$$00000003  c_p.l(_printf_f.o)
    0x000001fc   0x000001fc   0x0000000a   Code   RO         6369    .ARM.Collect$$_printf_percent$$00000004  c_p.l(_printf_e.o)
    0x00000206   0x00000206   0x0000000a   Code   RO         6370    .ARM.Collect$$_printf_percent$$00000005  c_p.l(_printf_g.o)
    0x00000210   0x00000210   0x0000000a   Code   RO         6371    .ARM.Collect$$_printf_percent$$00000006  c_p.l(_printf_a.o)
    0x0000021a   0x0000021a   0x0000000a   Code   RO         6376    .ARM.Collect$$_printf_percent$$00000007  c_p.l(_printf_ll.o)
    0x00000224   0x00000224   0x0000000a   Code   RO         6365    .ARM.Collect$$_printf_percent$$00000008  c_p.l(_printf_i.o)
    0x0000022e   0x0000022e   0x0000000a   Code   RO         6366    .ARM.Collect$$_printf_percent$$00000009  c_p.l(_printf_d.o)
    0x00000238   0x00000238   0x0000000a   Code   RO         6367    .ARM.Collect$$_printf_percent$$0000000A  c_p.l(_printf_u.o)
    0x00000242   0x00000242   0x0000000a   Code   RO         6364    .ARM.Collect$$_printf_percent$$0000000B  c_p.l(_printf_o.o)
    0x0000024c   0x0000024c   0x0000000a   Code   RO         6362    .ARM.Collect$$_printf_percent$$0000000C  c_p.l(_printf_x.o)
    0x00000256   0x00000256   0x0000000a   Code   RO         6373    .ARM.Collect$$_printf_percent$$0000000D  c_p.l(_printf_lli.o)
    0x00000260   0x00000260   0x0000000a   Code   RO         6374    .ARM.Collect$$_printf_percent$$0000000E  c_p.l(_printf_lld.o)
    0x0000026a   0x0000026a   0x0000000a   Code   RO         6375    .ARM.Collect$$_printf_percent$$0000000F  c_p.l(_printf_llu.o)
    0x00000274   0x00000274   0x0000000a   Code   RO         6380    .ARM.Collect$$_printf_percent$$00000010  c_p.l(_printf_llo.o)
    0x0000027e   0x0000027e   0x0000000a   Code   RO         6381    .ARM.Collect$$_printf_percent$$00000011  c_p.l(_printf_llx.o)
    0x00000288   0x00000288   0x0000000a   Code   RO         6377    .ARM.Collect$$_printf_percent$$00000012  c_p.l(_printf_l.o)
    0x00000292   0x00000292   0x0000000a   Code   RO         6359    .ARM.Collect$$_printf_percent$$00000013  c_p.l(_printf_c.o)
    0x0000029c   0x0000029c   0x0000000a   Code   RO         6360    .ARM.Collect$$_printf_percent$$00000014  c_p.l(_printf_s.o)
    0x000002a6   0x000002a6   0x0000000a   Code   RO         6378    .ARM.Collect$$_printf_percent$$00000015  c_p.l(_printf_lc.o)
    0x000002b0   0x000002b0   0x0000000a   Code   RO         6379    .ARM.Collect$$_printf_percent$$00000016  c_p.l(_printf_ls.o)
    0x000002ba   0x000002ba   0x00000004   Code   RO         6460    .ARM.Collect$$_printf_percent$$00000017  c_p.l(_printf_percent_end.o)
    0x000002be   0x000002be   0x00000002   Code   RO         6517    .ARM.Collect$$libinit$$00000000  c_p.l(libinit.o)
    0x000002c0   0x000002c0   0x00000000   Code   RO         6519    .ARM.Collect$$libinit$$00000002  c_p.l(libinit2.o)
    0x000002c0   0x000002c0   0x00000000   Code   RO         6521    .ARM.Collect$$libinit$$00000004  c_p.l(libinit2.o)
    0x000002c0   0x000002c0   0x00000000   Code   RO         6524    .ARM.Collect$$libinit$$0000000A  c_p.l(libinit2.o)
    0x000002c0   0x000002c0   0x00000000   Code   RO         6526    .ARM.Collect$$libinit$$0000000C  c_p.l(libinit2.o)
    0x000002c0   0x000002c0   0x00000000   Code   RO         6528    .ARM.Collect$$libinit$$0000000E  c_p.l(libinit2.o)
    0x000002c0   0x000002c0   0x00000006   Code   RO         6529    .ARM.Collect$$libinit$$0000000F  c_p.l(libinit2.o)
    0x000002c6   0x000002c6   0x00000000   Code   RO         6531    .ARM.Collect$$libinit$$00000011  c_p.l(libinit2.o)
    0x000002c6   0x000002c6   0x0000000c   Code   RO         6532    .ARM.Collect$$libinit$$00000012  c_p.l(libinit2.o)
    0x000002d2   0x000002d2   0x00000000   Code   RO         6533    .ARM.Collect$$libinit$$00000013  c_p.l(libinit2.o)
    0x000002d2   0x000002d2   0x00000000   Code   RO         6535    .ARM.Collect$$libinit$$00000015  c_p.l(libinit2.o)
    0x000002d2   0x000002d2   0x0000000a   Code   RO         6536    .ARM.Collect$$libinit$$00000016  c_p.l(libinit2.o)
    0x000002dc   0x000002dc   0x00000000   Code   RO         6537    .ARM.Collect$$libinit$$00000017  c_p.l(libinit2.o)
    0x000002dc   0x000002dc   0x00000000   Code   RO         6539    .ARM.Collect$$libinit$$00000019  c_p.l(libinit2.o)
    0x000002dc   0x000002dc   0x00000000   Code   RO         6541    .ARM.Collect$$libinit$$0000001B  c_p.l(libinit2.o)
    0x000002dc   0x000002dc   0x00000000   Code   RO         6543    .ARM.Collect$$libinit$$0000001D  c_p.l(libinit2.o)
    0x000002dc   0x000002dc   0x00000000   Code   RO         6545    .ARM.Collect$$libinit$$0000001F  c_p.l(libinit2.o)
    0x000002dc   0x000002dc   0x00000000   Code   RO         6547    .ARM.Collect$$libinit$$00000021  c_p.l(libinit2.o)
    0x000002dc   0x000002dc   0x00000000   Code   RO         6549    .ARM.Collect$$libinit$$00000023  c_p.l(libinit2.o)
    0x000002dc   0x000002dc   0x00000000   Code   RO         6551    .ARM.Collect$$libinit$$00000025  c_p.l(libinit2.o)
    0x000002dc   0x000002dc   0x00000000   Code   RO         6555    .ARM.Collect$$libinit$$0000002C  c_p.l(libinit2.o)
    0x000002dc   0x000002dc   0x00000000   Code   RO         6557    .ARM.Collect$$libinit$$0000002E  c_p.l(libinit2.o)
    0x000002dc   0x000002dc   0x00000000   Code   RO         6559    .ARM.Collect$$libinit$$00000030  c_p.l(libinit2.o)
    0x000002dc   0x000002dc   0x00000000   Code   RO         6561    .ARM.Collect$$libinit$$00000032  c_p.l(libinit2.o)
    0x000002dc   0x000002dc   0x00000002   Code   RO         6562    .ARM.Collect$$libinit$$00000033  c_p.l(libinit2.o)
    0x000002de   0x000002de   0x00000002   Code   RO         6642    .ARM.Collect$$libshutdown$$00000000  c_p.l(libshutdown.o)
    0x000002e0   0x000002e0   0x00000000   Code   RO         6672    .ARM.Collect$$libshutdown$$00000002  c_p.l(libshutdown2.o)
    0x000002e0   0x000002e0   0x00000000   Code   RO         6674    .ARM.Collect$$libshutdown$$00000004  c_p.l(libshutdown2.o)
    0x000002e0   0x000002e0   0x00000000   Code   RO         6677    .ARM.Collect$$libshutdown$$00000007  c_p.l(libshutdown2.o)
    0x000002e0   0x000002e0   0x00000000   Code   RO         6680    .ARM.Collect$$libshutdown$$0000000A  c_p.l(libshutdown2.o)
    0x000002e0   0x000002e0   0x00000000   Code   RO         6682    .ARM.Collect$$libshutdown$$0000000C  c_p.l(libshutdown2.o)
    0x000002e0   0x000002e0   0x00000000   Code   RO         6685    .ARM.Collect$$libshutdown$$0000000F  c_p.l(libshutdown2.o)
    0x000002e0   0x000002e0   0x00000002   Code   RO         6686    .ARM.Collect$$libshutdown$$00000010  c_p.l(libshutdown2.o)
    0x000002e2   0x000002e2   0x00000000   Code   RO         6275    .ARM.Collect$$rtentry$$00000000  c_p.l(__rtentry.o)
    0x000002e2   0x000002e2   0x00000000   Code   RO         6428    .ARM.Collect$$rtentry$$00000002  c_p.l(__rtentry2.o)
    0x000002e2   0x000002e2   0x00000006   Code   RO         6440    .ARM.Collect$$rtentry$$00000004  c_p.l(__rtentry4.o)
    0x000002e8   0x000002e8   0x00000000   Code   RO         6430    .ARM.Collect$$rtentry$$00000009  c_p.l(__rtentry2.o)
    0x000002e8   0x000002e8   0x00000004   Code   RO         6431    .ARM.Collect$$rtentry$$0000000A  c_p.l(__rtentry2.o)
    0x000002ec   0x000002ec   0x00000000   Code   RO         6433    .ARM.Collect$$rtentry$$0000000C  c_p.l(__rtentry2.o)
    0x000002ec   0x000002ec   0x00000008   Code   RO         6434    .ARM.Collect$$rtentry$$0000000D  c_p.l(__rtentry2.o)
    0x000002f4   0x000002f4   0x00000002   Code   RO         6568    .ARM.Collect$$rtexit$$00000000  c_p.l(rtexit.o)
    0x000002f6   0x000002f6   0x00000000   Code   RO         6601    .ARM.Collect$$rtexit$$00000002  c_p.l(rtexit2.o)
    0x000002f6   0x000002f6   0x00000004   Code   RO         6602    .ARM.Collect$$rtexit$$00000003  c_p.l(rtexit2.o)
    0x000002fa   0x000002fa   0x00000006   Code   RO         6603    .ARM.Collect$$rtexit$$00000004  c_p.l(rtexit2.o)
    0x00000300   0x00000300   0x00000038   Code   RO         6179    .emb_text           c_p.l(rt_memcpy.o)
    0x00000338   0x00000338   0x00000038   Code   RO         6165    .text               c_p.l(c89vsnprintf.o)
    0x00000370   0x00000370   0x0000001a   Code   RO         6167    .text               c_p.l(atoi.o)
    0x0000038a   0x0000038a   0x00000024   Code   RO         6169    .text               c_p.l(strncat.o)
    0x000003ae   0x000003ae   0x00000028   Code   RO         6171    .text               c_p.l(strstr.o)
    0x000003d6   0x000003d6   0x0000002e   Code   RO         6173    .text               c_p.l(strncasecmp.o)
    0x00000404   0x00000404   0x00000044   Code   RO         6175    .text               c_p.l(strlen.o)
    0x00000448   0x00000448   0x000000a0   Code   RO         6177    .text               c_p.l(strncmp.o)
    0x000004e8   0x000004e8   0x00000082   Code   RO         6180    .text               c_p.l(rt_memcpy.o)
    0x0000056a   0x0000056a   0x00000096   Code   RO         6183    .text               c_p.l(rt_memmove.o)
    0x00000600   0x00000600   0x00000012   Code   RO         6185    .text               c_p.l(aeabi_memset.o)
    0x00000612   0x00000612   0x00000040   Code   RO         6187    .text               c_p.l(rt_memclr.o)
    0x00000652   0x00000652   0x00000002   PAD
    0x00000654   0x00000654   0x0000006c   Code   RO         6189    .text               c_p.l(strncpy.o)
    0x000006c0   0x000006c0   0x000000a0   Code   RO         6191    .text               c_p.l(strcmpv6m.o)
    0x00000760   0x00000760   0x000001e8   Code   RO         6193    .text               c_p.l(aeabi_sdivfast.o)
    0x00000948   0x00000948   0x00000006   Code   RO         6197    .text               c_p.l(heapauxi.o)
    0x0000094e   0x0000094e   0x00000002   PAD
    0x00000950   0x00000950   0x0000007c   Code   RO         6201    .text               fz_ps.l(d2f.o)
    0x000009cc   0x000009cc   0x00000358   Code   RO         6203    .text               fz_ps.l(daddsub.o)
    0x00000d24   0x00000d24   0x00000448   Code   RO         6205    .text               fz_ps.l(ddiv.o)
    0x0000116c   0x0000116c   0x0000006c   Code   RO         6208    .text               fz_ps.l(dfixi.o)
    0x000011d8   0x000011d8   0x00000058   Code   RO         6210    .text               fz_ps.l(dflti.o)
    0x00001230   0x00001230   0x00000248   Code   RO         6214    .text               fz_ps.l(dmul.o)
    0x00001478   0x00001478   0x00000060   Code   RO         6218    .text               fz_ps.l(dscalbn.o)
    0x000014d8   0x000014d8   0x00000054   Code   RO         6220    .text               fz_ps.l(f2d.o)
    0x0000152c   0x0000152c   0x00000160   Code   RO         6228    .text               fz_ps.l(fdiv.o)
    0x0000168c   0x0000168c   0x0000004c   Code   RO         6233    .text               fz_ps.l(ffixi.o)
    0x000016d8   0x000016d8   0x00000030   Code   RO         6235    .text               fz_ps.l(ffixui.o)
    0x00001708   0x00001708   0x0000005e   Code   RO         6237    .text               fz_ps.l(fflti.o)
    0x00001766   0x00001766   0x00000002   PAD
    0x00001768   0x00001768   0x00000044   Code   RO         6245    .text               fz_ps.l(fscalbn.o)
    0x000017ac   0x000017ac   0x00000008   Code   RO         6283    .text               c_p.l(rt_errno_addr_intlibspace.o)
    0x000017b4   0x000017b4   0x00000016   Code   RO         6285    .text               c_p.l(_rserrno.o)
    0x000017ca   0x000017ca   0x0000001a   Code   RO         6287    .text               c_p.l(tolower.o)
    0x000017e4   0x000017e4   0x0000004e   Code   RO         6291    .text               c_p.l(_printf_pad.o)
    0x00001832   0x00001832   0x00000024   Code   RO         6293    .text               c_p.l(_printf_truncate.o)
    0x00001856   0x00001856   0x00000052   Code   RO         6295    .text               c_p.l(_printf_str.o)
    0x000018a8   0x000018a8   0x0000006c   Code   RO         6297    .text               c_p.l(_printf_dec.o)
    0x00001914   0x00001914   0x00000026   Code   RO         6299    .text               c_p.l(_printf_charcount.o)
    0x0000193a   0x0000193a   0x00000002   PAD
    0x0000193c   0x0000193c   0x00000030   Code   RO         6301    .text               c_p.l(_printf_char_common.o)
    0x0000196c   0x0000196c   0x0000000a   Code   RO         6303    .text               c_p.l(_sputc.o)
    0x00001976   0x00001976   0x00000010   Code   RO         6305    .text               c_p.l(_snputc.o)
    0x00001986   0x00001986   0x00000002   PAD
    0x00001988   0x00001988   0x000000bc   Code   RO         6307    .text               c_p.l(_printf_wctomb.o)
    0x00001a44   0x00001a44   0x00000070   Code   RO         6310    .text               c_p.l(_printf_longlong_dec.o)
    0x00001ab4   0x00001ab4   0x00000070   Code   RO         6316    .text               c_p.l(_printf_oct_int_ll.o)
    0x00001b24   0x00001b24   0x00000098   Code   RO         6336    .text               c_p.l(_printf_hex_int_ll_ptr.o)
    0x00001bbc   0x00001bbc   0x00000188   Code   RO         6356    .text               c_p.l(__printf_flags_ss_wp.o)
    0x00001d44   0x00001d44   0x000000ac   Code   RO         6382    .text               c_p.l(strtod.o)
    0x00001df0   0x00001df0   0x00000070   Code   RO         6384    .text               c_p.l(strtol.o)
    0x00001e60   0x00001e60   0x00000090   Code   RO         6386    .text               fz_ps.l(dcmpin.o)
    0x00001ef0   0x00001ef0   0x000000b0   Code   RO         6390    .text               fz_ps.l(fcmp4.o)
    0x00001fa0   0x00001fa0   0x00000064   Code   RO         6392    .text               fz_ps.l(fcmpin.o)
    0x00002004   0x00002004   0x00000008   Code   RO         6424    .text               c_p.l(libspace.o)
    0x0000200c   0x0000200c   0x00000010   Code   RO         6442    .text               c_p.l(rt_ctype_table.o)
    0x0000201c   0x0000201c   0x0000007a   Code   RO         6446    .text               c_p.l(lludiv10.o)
    0x00002096   0x00002096   0x00000012   Code   RO         6448    .text               c_p.l(isspace.o)
    0x000020a8   0x000020a8   0x000000b0   Code   RO         6450    .text               c_p.l(_printf_intcommon.o)
    0x00002158   0x00002158   0x00000418   Code   RO         6452    .text               c_p.l(_printf_fp_dec.o)
    0x00002570   0x00002570   0x0000002e   Code   RO         6456    .text               c_p.l(_printf_char.o)
    0x0000259e   0x0000259e   0x0000002e   Code   RO         6458    .text               c_p.l(_printf_wchar.o)
    0x000025cc   0x000025cc   0x00000044   Code   RO         6461    .text               c_p.l(_sgetc.o)
    0x00002610   0x00002610   0x000000a6   Code   RO         6463    .text               c_p.l(_strtoul.o)
    0x000026b6   0x000026b6   0x00000040   Code   RO         6465    .text               c_p.l(_wcrtomb.o)
    0x000026f6   0x000026f6   0x00000028   Code   RO         6470    .text               c_p.l(rtudiv10.o)
    0x0000271e   0x0000271e   0x0000002e   Code   RO         6472    .text               fz_ps.l(cmpret.o)
    0x0000274c   0x0000274c   0x00000014   Code   RO         6474    .text               fz_ps.l(dnan2.o)
    0x00002760   0x00002760   0x00000100   Code   RO         6476    .text               fz_ps.l(dsqrt.o)
    0x00002860   0x00002860   0x00000010   Code   RO         6478    .text               fz_ps.l(fnan2.o)
    0x00002870   0x00002870   0x0000003e   Code   RO         6482    .text               c_p.l(sys_stackheap_outer.o)
    0x000028ae   0x000028ae   0x00000002   PAD
    0x000028b0   0x000028b0   0x00000008   Code   RO         6488    .text               c_p.l(rt_locale_intlibspace.o)
    0x000028b8   0x000028b8   0x00000088   Code   RO         6490    .text               c_p.l(_printf_fp_infnan.o)
    0x00002940   0x00002940   0x0000001e   Code   RO         6492    .text               c_p.l(_chval.o)
    0x0000295e   0x0000295e   0x00000002   PAD
    0x00002960   0x00002960   0x00000520   Code   RO         6494    .text               c_p.l(scanf_fp.o)
    0x00002e80   0x00002e80   0x000000d8   Code   RO         6496    .text               c_p.l(bigflt0.o)
    0x00002f58   0x00002f58   0x00000580   Code   RO         6499    .text               c_p.l(btod.o)
    0x000034d8   0x000034d8   0x00000010   Code   RO         6506    .text               c_p.l(exit.o)
    0x000034e8   0x000034e8   0x0000005e   Code   RO         6565    .text               fz_ps.l(retnan.o)
    0x00003546   0x00003546   0x00000030   Code   RO         6572    .text               c_p.l(llmul.o)
    0x00003576   0x00003576   0x00000002   PAD
    0x00003578   0x00003578   0x0000000c   Code   RO         6598    .text               c_p.l(sys_exit.o)
    0x00003584   0x00003584   0x00000334   Code   RO         6607    .text               c_p.l(scanf_hexfp.o)
    0x000038b8   0x000038b8   0x0000013c   Code   RO         6609    .text               c_p.l(scanf_infnan.o)
    0x000039f4   0x000039f4   0x00000002   Code   RO         6627    .text               c_p.l(use_no_semi.o)
    0x000039f6   0x000039f6   0x00000000   Code   RO         6629    .text               c_p.l(indicate_semi.o)
    0x000039f6   0x000039f6   0x00000020   Code   RO         6632    .text               c_p.l(llshl.o)
    0x00003a16   0x00003a16   0x00000056   Code   RO         6689    .text               c_p.l(__dczerorl2.o)
    0x00003a6c   0x00003a6c   0x00000058   Code   RO         3957    i.AD5693R_SetChipConfig  ad5693r.o
    0x00003ac4   0x00003ac4   0x00000044   Code   RO         3958    i.AD5693R_SetOutput  ad5693r.o
    0x00003b08   0x00003b08   0x00000006   Code   RO          621    i.ADC_ClearIntPendingBit  ht32f5xxxx_adc.o
    0x00003b0e   0x00003b0e   0x00000012   Code   RO          622    i.ADC_Cmd           ht32f5xxxx_adc.o
    0x00003b20   0x00003b20   0x00000012   Code   RO          623    i.ADC_DeInit        ht32f5xxxx_adc.o
    0x00003b32   0x00003b32   0x00000002   PAD
    0x00003b34   0x00003b34   0x0000001c   Code   RO         4304    i.ADC_EOC_interrupt_Callback  adc.o
    0x00003b50   0x00003b50   0x0000000c   Code   RO          626    i.ADC_GetIntStatus  ht32f5xxxx_adc.o
    0x00003b5c   0x00003b5c   0x0000009c   Code   RO         4305    i.ADC_GetLEDIfPinVoltage  adc.o
    0x00003bf8   0x00003bf8   0x000002d8   Code   RO         4306    i.ADC_GetResult     adc.o
    0x00003ed0   0x00003ed0   0x00000018   Code   RO          221    i.ADC_IRQHandler    ht32f5xxxx_01_it.o
    0x00003ee8   0x00003ee8   0x00000012   Code   RO          627    i.ADC_IntConfig     ht32f5xxxx_adc.o
    0x00003efa   0x00003efa   0x0000001e   Code   RO          629    i.ADC_RegularChannelConfig  ht32f5xxxx_adc.o
    0x00003f18   0x00003f18   0x0000001a   Code   RO          630    i.ADC_RegularGroupConfig  ht32f5xxxx_adc.o
    0x00003f32   0x00003f32   0x0000000e   Code   RO          631    i.ADC_RegularTrigConfig  ht32f5xxxx_adc.o
    0x00003f40   0x00003f40   0x00000004   Code   RO          633    i.ADC_SamplingTimeConfig  ht32f5xxxx_adc.o
    0x00003f44   0x00003f44   0x00000014   Code   RO          634    i.ADC_SoftwareStartConvCmd  ht32f5xxxx_adc.o
    0x00003f58   0x00003f58   0x000000da   Code   RO         3502    i.AES_EncryptDecryptData  aes256.o
    0x00004032   0x00004032   0x00000002   PAD
    0x00004034   0x00004034   0x0000002c   Code   RO         1373    i.AFIO_EXTISourceConfig  ht32f5xxxx_gpio.o
    0x00004060   0x00004060   0x000000e4   Code   RO         1374    i.AFIO_GPxConfig    ht32f5xxxx_gpio.o
    0x00004144   0x00004144   0x00000060   Code   RO         3357    i.ActiveConfigurationCRC  cfgfileop.o
    0x000041a4   0x000041a4   0x0000002c   Code   RO         4608    i.ArrowKeyHandler   commandhandler.o
    0x000041d0   0x000041d0   0x0000016c   Code   RO         5886    i.BreatheStateMachine  breathmode.o
    0x0000433c   0x0000433c   0x000000a8   Code   RO          817    i.CKCU_GetPeripFrequency  ht32f5xxxx_ckcu.o
    0x000043e4   0x000043e4   0x00000028   Code   RO          832    i.CKCU_PeripClockConfig  ht32f5xxxx_ckcu.o
    0x0000440c   0x0000440c   0x0000001c   Code   RO          833    i.CKCU_SetADCnPrescaler  ht32f5xxxx_ckcu.o
    0x00004428   0x00004428   0x00000010   Code   RO         1093    i.CRC_DeInit        ht32f5xxxx_crc.o
    0x00004438   0x00004438   0x00000014   Code   RO         3661    i.CalcLastLogCRCBeforePO  runtimelogger.o
    0x0000444c   0x0000444c   0x00000054   Code   RO         3662    i.CalcRunLogCRC32   runtimelogger.o
    0x000044a0   0x000044a0   0x000000d8   Code   RO         4020    i.CheckAndRestoreConfigFromXmodem  cfgmgmt.o
    0x00004578   0x00004578   0x00000118   Code   RO         3358    i.CheckConfigurationInROM  cfgfileop.o
    0x00004690   0x00004690   0x00000034   Code   RO         5987    i.CheckForCustomFlashStr  customflash.o
    0x000046c4   0x000046c4   0x000000c0   Code   RO         3570    i.CheckForErrLogStatu  logger.o
    0x00004784   0x00004784   0x0000002a   Code   RO         5946    i.CheckForStringCanBeSentViaMorse  morsecodetransmitmode.o
    0x000047ae   0x000047ae   0x00000002   PAD
    0x000047b0   0x000047b0   0x000000cc   Code   RO          338    i.CheckHBTimerIsEnabled  mcubeattimer.o
    0x0000487c   0x0000487c   0x00000024   Code   RO         4994    i.CheckIfParamOnlyDigit  parameterprocessor.o
    0x000048a0   0x000048a0   0x0000009e   Code   RO          381    i.CheckLinearTable  lineartabop.o
    0x0000493e   0x0000493e   0x00000002   PAD
    0x00004940   0x00004940   0x0000006c   Code   RO         4995    i.CheckUserInputForLightmode  parameterprocessor.o
    0x000049ac   0x000049ac   0x00000050   Code   RO         4996    i.CheckUserInputForModeGroup  parameterprocessor.o
    0x000049fc   0x000049fc   0x00000050   Code   RO         4997    i.CheckUserInputForThermalSens  parameterprocessor.o
    0x00004a4c   0x00004a4c   0x00000040   Code   RO         4998    i.CheckUserInputIsTrue  parameterprocessor.o
    0x00004a8c   0x00004a8c   0x00000040   Code   RO         6099    i.Checksum8         xmodemdigestencrypt.o
    0x00004acc   0x00004acc   0x00000044   Code   RO         4740    i.ClearRecvBuffer   commandprocutil.o
    0x00004b10   0x00004b10   0x00000224   Code   RO         4609    i.CmdExecuteHandler  commandhandler.o
    0x00004d34   0x00004d34   0x00000184   Code   RO         3571    i.CollectLoginfo    logger.o
    0x00004eb8   0x00004eb8   0x000000e4   Code   RO         4968    i.CommandHandler    handlerentry.o
    0x00004f9c   0x00004f9c   0x0000009c   Code   RO         4694    i.CommandHistoryDownward  commandhistory.o
    0x00005038   0x00005038   0x000000a8   Code   RO         4695    i.CommandHistoryUpward  commandhistory.o
    0x000050e0   0x000050e0   0x00000044   Code   RO         4696    i.CommandHistoryWrite  commandhistory.o
    0x00005124   0x00005124   0x00000160   Code   RO         4810    i.ConsoleInit       usartrxsupport.o
    0x00005284   0x00005284   0x00000050   Code   RO         4811    i.ConsoleReconfigure  usartrxsupport.o
    0x000052d4   0x000052d4   0x000002f8   Code   RO         5117    i.CopyRightTextGenerator  cprtxtgen.o
    0x000055cc   0x000055cc   0x00000064   Code   RO         4610    i.CtrlCHandler      commandhandler.o
    0x00005630   0x00005630   0x00000144   Code   RO         5988    i.CustomFlashHandler  customflash.o
    0x00005774   0x00005774   0x0000001c   Code   RO         4611    i.DMAFullHandler    commandhandler.o
    0x00005790   0x00005790   0x00000028   Code   RO         4862    i.DMATxInit         usarttxsupport.o
    0x000057b8   0x000057b8   0x0000003c   Code   RO         4565    i.DeepSleepTimerCallBack  deepsleep.o
    0x000057f4   0x000057f4   0x00000024   Code   RO         5832    i.DisableFlashTimer  specialmodetimer.o
    0x00005818   0x00005818   0x0000003c   Code   RO          339    i.DisableHBTimer    mcubeattimer.o
    0x00005854   0x00005854   0x00000058   Code   RO         5202    i.DisaplayTelemResult  logview.o
    0x000058ac   0x000058ac   0x000000cc   Code   RO         4021    i.DisplayConfError  cfgmgmt.o
    0x00005978   0x00005978   0x00000074   Code   RO         4999    i.DisplayCorrectMode  parameterprocessor.o
    0x000059ec   0x000059ec   0x0000005c   Code   RO         5000    i.DisplayCorrectModeGroup  parameterprocessor.o
    0x00005a48   0x00005a48   0x00000058   Code   RO         5001    i.DisplayCorrectSensor  parameterprocessor.o
    0x00005aa0   0x00005aa0   0x0000008c   Code   RO         5002    i.DisplayIllegalParam  parameterprocessor.o
    0x00005b2c   0x00005b2c   0x000000b0   Code   RO         5257    i.DisplayLampTime   runlogview.o
    0x00005bdc   0x00005bdc   0x00000090   Code   RO         4092    i.DisplayLoginDelayTime  loginlogout.o
    0x00005c6c   0x00005c6c   0x00000098   Code   RO         4933    i.DisplayNoActTime  useridletimer.o
    0x00005d04   0x00005d04   0x00000148   Code   RO         5548    i.DisplayTempTable  thermalcfg.o
    0x00005e4c   0x00005e4c   0x00000060   Code   RO         5003    i.DisplayWhichModeSelected  parameterprocessor.o
    0x00005eac   0x00005eac   0x0000002c   Code   RO         6125    i.DisplayXmodemBackUp  xmodeminfo.o
    0x00005ed8   0x00005ed8   0x000000c0   Code   RO         5769    i.DriverLockPOR     onoffswitchlogic.o
    0x00005f98   0x00005f98   0x00000018   Code   RO          222    i.EXTI4_15_IRQHandler  ht32f5xxxx_01_it.o
    0x00005fb0   0x00005fb0   0x00000010   Code   RO         1184    i.EXTI_ClearEdgeFlag  ht32f5xxxx_exti.o
    0x00005fc0   0x00005fc0   0x00000018   Code   RO         1187    i.EXTI_GetEdgeFlag  ht32f5xxxx_exti.o
    0x00005fd8   0x00005fd8   0x00000020   Code   RO         1191    i.EXTI_Init         ht32f5xxxx_exti.o
    0x00005ff8   0x00005ff8   0x0000001c   Code   RO         1192    i.EXTI_IntConfig    ht32f5xxxx_exti.o
    0x00006014   0x00006014   0x00000064   Code   RO          340    i.EnableHBTimer     mcubeattimer.o
    0x00006078   0x00006078   0x000000c4   Code   RO         4566    i.EnteredLowPowerMode  deepsleep.o
    0x0000613c   0x0000613c   0x000000a0   Code   RO         5691    i.EnteredTripleClick  modeswitchlogic.o
    0x000061dc   0x000061dc   0x000000d8   Code   RO         4567    i.ExitLowPowerMode  deepsleep.o
    0x000062b4   0x000062b4   0x00000024   Code   RO         5289    i.ExitRunLogCmdHandler  runlogcfg.o
    0x000062d8   0x000062d8   0x0000002e   Code   RO         3572    i.FetchLoggerData   logger.o
    0x00006306   0x00006306   0x00000002   PAD
    0x00006308   0x00006308   0x000000a8   Code   RO         5833    i.FlashTimerCallbackRoutine  specialmodetimer.o
    0x000063b0   0x000063b0   0x000000f4   Code   RO         5834    i.FlashTimerInitHandler  specialmodetimer.o
    0x000064a4   0x000064a4   0x00000074   Code   RO         3664    i.ForceWriteRuntimelog  runtimelogger.o
    0x00006518   0x00006518   0x00000004   Code   RO         1375    i.GPIO_ClearOutBits  ht32f5xxxx_gpio.o
    0x0000651c   0x0000651c   0x00000010   Code   RO         1377    i.GPIO_DirectionConfig  ht32f5xxxx_gpio.o
    0x0000652c   0x0000652c   0x00000010   Code   RO         1381    i.GPIO_InputConfig  ht32f5xxxx_gpio.o
    0x0000653c   0x0000653c   0x00000022   Code   RO         1386    i.GPIO_PullResistorConfig  ht32f5xxxx_gpio.o
    0x0000655e   0x0000655e   0x0000000a   Code   RO         1387    i.GPIO_ReadInBit    ht32f5xxxx_gpio.o
    0x00006568   0x00006568   0x00000004   Code   RO         1391    i.GPIO_SetOutBits   ht32f5xxxx_gpio.o
    0x0000656c   0x0000656c   0x00000068   Code   RO          223    i.GPTM0_IRQHandler  ht32f5xxxx_01_it.o
    0x000065d4   0x000065d4   0x00000028   Code   RO          224    i.GPTM1_IRQHandler  ht32f5xxxx_01_it.o
    0x000065fc   0x000065fc   0x00000038   Code   RO         6100    i.GenerateSeqCodeForAES  xmodemdigestencrypt.o
    0x00006634   0x00006634   0x00000044   Code   RO         5692    i.GetCurrentModeConfig  modeswitchlogic.o
    0x00006678   0x00006678   0x00000310   Code   RO         5947    i.GetMorseSequenceFromASCII  morsecodetransmitmode.o
    0x00006988   0x00006988   0x00000034   Code   RO         5693    i.GetSelectedModeConfig  modeswitchlogic.o
    0x000069bc   0x000069bc   0x00000010   Code   RO          225    i.HardFault_Handler  ht32f5xxxx_01_it.o
    0x000069cc   0x000069cc   0x00000070   Code   RO         4169    i.HelpArgument      help.o
    0x00006a3c   0x00006a3c   0x000002a8   Code   RO         4170    i.HelpHandler       help.o
    0x00006ce4   0x00006ce4   0x000000fc   Code   RO         3799    i.IIC_Read_Byte     i2cdrv.o
    0x00006de0   0x00006de0   0x00000084   Code   RO         3800    i.IIC_Send_Byte     i2cdrv.o
    0x00006e64   0x00006e64   0x00000054   Code   RO         3801    i.IIC_Start         i2cdrv.o
    0x00006eb8   0x00006eb8   0x0000005c   Code   RO         3802    i.IIC_Stop          i2cdrv.o
    0x00006f14   0x00006f14   0x000000c4   Code   RO         3803    i.IIC_Wait_Ack      i2cdrv.o
    0x00006fd8   0x00006fd8   0x00000108   Code   RO         3918    i.INA219_GetBusInformation  ina219.o
    0x000070e0   0x000070e0   0x00000214   Code   RO         3919    i.INA219_INIT       ina219.o
    0x000072f4   0x000072f4   0x000002fc   Code   RO         3920    i.INA219_POR        ina219.o
    0x000075f0   0x000075f0   0x00000044   Code   RO         3921    i.INA219_SetConvMode  ina219.o
    0x00007634   0x00007634   0x00000020   Code   RO         4934    i.IdleTimerCallback  useridletimer.o
    0x00007654   0x00007654   0x000000f8   Code   RO         4935    i.IdleTimerHandler  useridletimer.o
    0x0000774c   0x0000774c   0x0000046c   Code   RO         5175    i.Imonadjhandler    imonadj.o
    0x00007bb8   0x00007bb8   0x0000002c   Code   RO         4697    i.InitHistoryBuf    commandhistory.o
    0x00007be4   0x00007be4   0x00000028   Code   RO         4812    i.InputDataBlackList  usartrxsupport.o
    0x00007c0c   0x00007c0c   0x00000274   Code   RO         4307    i.InternalADC_Init  adc.o
    0x00007e80   0x00007e80   0x00000064   Code   RO         4308    i.InternalADC_QuickInit  adc.o
    0x00007ee4   0x00007ee4   0x00000030   Code   RO         4741    i.IsCmdExecutable   commandprocutil.o
    0x00007f14   0x00007f14   0x000001b0   Code   RO         4742    i.IsParameterExist  commandprocutil.o
    0x000080c4   0x000080c4   0x00000044   Code   RO         3665    i.IsRunLogAreaOK    runtimelogger.o
    0x00008108   0x00008108   0x00000120   Code   RO         4265    i.LEDMgmt_CallBack  ledmgmt.o
    0x00008228   0x00008228   0x00000034   Code   RO         4459    i.LEDShortCounter   lineardim.o
    0x0000825c   0x0000825c   0x00000130   Code   RO         4266    i.LED_Init          ledmgmt.o
    0x0000838c   0x0000838c   0x00000028   Code   RO         4267    i.LED_Reset         ledmgmt.o
    0x000083b4   0x000083b4   0x00000400   Code   RO         4461    i.LinearDIM_POR     lineardim.o
    0x000087b4   0x000087b4   0x00000170   Code   RO         3359    i.LoadDefaultConf   cfgfileop.o
    0x00008924   0x00008924   0x00000078   Code   RO         3667    i.LogDataSectionInit  runtimelogger.o
    0x0000899c   0x0000899c   0x00000038   Code   RO         3573    i.LoggerHeader_AutoUpdateHandler  logger.o
    0x000089d4   0x000089d4   0x000004a4   Code   RO         3574    i.LoggerHeader_POR  logger.o
    0x00008e78   0x00008e78   0x00000250   Code   RO         4093    i.LoginHandler      loginlogout.o
    0x000090c8   0x000090c8   0x00000030   Code   RO         4094    i.LogoutHandler     loginlogout.o
    0x000090f8   0x000090f8   0x00000210   Code   RO         4612    i.LoopbackAndDelHandler  commandhandler.o
    0x00009308   0x00009308   0x00000058   Code   RO         4519    i.LowVoltageIndicate  battmonitor.o
    0x00009360   0x00009360   0x000000bc   Code   RO         3988    i.M24C512_Erase     24cxx.o
    0x0000941c   0x0000941c   0x000000cc   Code   RO         3989    i.M24C512_PageRead  24cxx.o
    0x000094e8   0x000094e8   0x000000e0   Code   RO         3990    i.M24C512_PageWrite  24cxx.o
    0x000095c8   0x000095c8   0x00000032   Code   RO         1784    i.MCTM_CHBRKCTRConfig  ht32f5xxxx_mctm.o
    0x000095fa   0x000095fa   0x00000012   Code   RO         1787    i.MCTM_CHMOECmd     ht32f5xxxx_mctm.o
    0x0000960c   0x0000960c   0x00000218   Code   RO         5378    i.ModeEnacfghandler  modeenacfg.o
    0x00009824   0x00009824   0x000001e4   Code   RO         5694    i.ModeNoMemoryRollBackHandler  modeswitchlogic.o
    0x00009a08   0x00009a08   0x0000034c   Code   RO         5695    i.ModeSwitchInit    modeswitchlogic.o
    0x00009d54   0x00009d54   0x000001d4   Code   RO         5696    i.ModeSwitchLogicHandler  modeswitchlogic.o
    0x00009f28   0x00009f28   0x00000020   Code   RO         5948    i.MorseSenderReset  morsecodetransmitmode.o
    0x00009f48   0x00009f48   0x000000c8   Code   RO         5949    i.MorseSenderStateMachine  morsecodetransmitmode.o
    0x0000a010   0x0000a010   0x00000002   Code   RO          226    i.NMI_Handler       ht32f5xxxx_01_it.o
    0x0000a012   0x0000a012   0x00000002   PAD
    0x0000a014   0x0000a014   0x00000060   Code   RO         4309    i.OnChipADC_FaultHandler  adc.o
    0x0000a074   0x0000a074   0x0000001c   Code   RO          227    i.PDMA_CH2_5_IRQHandler  ht32f5xxxx_01_it.o
    0x0000a090   0x0000a090   0x00000018   Code   RO         1847    i.PDMA_ClearFlag    ht32f5xxxx_pdma.o
    0x0000a0a8   0x0000a0a8   0x0000002c   Code   RO         1848    i.PDMA_Config       ht32f5xxxx_pdma.o
    0x0000a0d4   0x0000a0d4   0x00000020   Code   RO         1851    i.PDMA_EnaCmd       ht32f5xxxx_pdma.o
    0x0000a0f4   0x0000a0f4   0x0000001c   Code   RO         1852    i.PDMA_GetFlagStatus  ht32f5xxxx_pdma.o
    0x0000a110   0x0000a110   0x00000014   Code   RO         1853    i.PDMA_GetRemainBlkCnt  ht32f5xxxx_pdma.o
    0x0000a124   0x0000a124   0x0000003c   Code   RO         1854    i.PDMA_IntConfig    ht32f5xxxx_pdma.o
    0x0000a160   0x0000a160   0x00000014   Code   RO         1857    i.PDMA_TranSizeConfig  ht32f5xxxx_pdma.o
    0x0000a174   0x0000a174   0x0000004c   Code   RO         6101    i.PEC16CheckXModem  xmodemdigestencrypt.o
    0x0000a1c0   0x0000a1c0   0x00000016   Code   RO         3859    i.PMBUS_2NPowCalc   pmbus.o
    0x0000a1d6   0x0000a1d6   0x000000ac   Code   RO         3865    i.PMBUS_WordReadWrite  pmbus.o
    0x0000a282   0x0000a282   0x00000002   PAD
    0x0000a284   0x0000a284   0x000005a0   Code   RO         3360    i.PORConfHandler    cfgfileop.o
    0x0000a824   0x0000a824   0x00000078   Code   RO         5770    i.PStateInit        onoffswitchlogic.o
    0x0000a89c   0x0000a89c   0x00000260   Code   RO         5771    i.PStateStateMachine  onoffswitchlogic.o
    0x0000aafc   0x0000aafc   0x00000158   Code   RO         4433    i.PWMTimerInit      pwmdim.o
    0x0000ac54   0x0000ac54   0x00000040   Code   RO         4743    i.ParamToConstPtr   commandprocutil.o
    0x0000ac94   0x0000ac94   0x00000200   Code   RO         4613    i.PasswordVerifyHandler  commandhandler.o
    0x0000ae94   0x0000ae94   0x00000002   Code   RO          228    i.PendSV_Handler    ht32f5xxxx_01_it.o
    0x0000ae96   0x0000ae96   0x00000002   PAD
    0x0000ae98   0x0000ae98   0x00000068   Code   RO         4744    i.PrintShellIcon    commandprocutil.o
    0x0000af00   0x0000af00   0x0000003c   Code   RO         5258    i.PrintStatuBar     runlogview.o
    0x0000af3c   0x0000af3c   0x00000048   Code   RO         3575    i.PushDefaultInfoInsideLog  logger.o
    0x0000af84   0x0000af84   0x00000120   Code   RO          382    i.QueueLinearTable  lineartabop.o
    0x0000b0a4   0x0000b0a4   0x00000028   Code   RO         2097    i.RSTCU_PeripReset  ht32f5xxxx_rstcu.o
    0x0000b0cc   0x0000b0cc   0x00000290   Code   RO         4814    i.RXDMACallback     usartrxsupport.o
    0x0000b35c   0x0000b35c   0x0000014c   Code   RO         5921    i.RampModeHandler   rampmode.o
    0x0000b4a8   0x0000b4a8   0x000000c0   Code   RO         3576    i.ReInitLogArea     logger.o
    0x0000b568   0x0000b568   0x00000070   Code   RO         3361    i.ReadConfigurationFromROM  cfgfileop.o
    0x0000b5d8   0x0000b5d8   0x000000e4   Code   RO         4230    i.Reboothandler     reboot.o
    0x0000b6bc   0x0000b6bc   0x0000001c   Code   RO         5887    i.ResetBreathStateMachine  breathmode.o
    0x0000b6d8   0x0000b6d8   0x00000020   Code   RO         5989    i.ResetCustomFlashControl  customflash.o
    0x0000b6f8   0x0000b6f8   0x0000000c   Code   RO         3577    i.ResetLoggerHeader_AutoUpdateTIM  logger.o
    0x0000b704   0x0000b704   0x00000024   Code   RO         5922    i.ResetRampMode     rampmode.o
    0x0000b728   0x0000b728   0x00000054   Code   RO         3668    i.ResetRunTimeLogArea  runtimelogger.o
    0x0000b77c   0x0000b77c   0x00000110   Code   RO         5336    i.RestoreErrorLogFromXmodem  logbkup.o
    0x0000b88c   0x0000b88c   0x00000290   Code   RO         5697    i.RestoreFactoryModeCfg  modeswitchlogic.o
    0x0000bb1c   0x0000bb1c   0x00000140   Code   RO         5290    i.RestoreRunLog     runlogcfg.o
    0x0000bc5c   0x0000bc5c   0x00000344   Code   RO         3669    i.RunLogModule_POR  runtimelogger.o
    0x0000bfa0   0x0000bfa0   0x000001b4   Code   RO         4520    i.RunTimeBatteryTelemetry  battmonitor.o
    0x0000c154   0x0000c154   0x000002a4   Code   RO         3670    i.RunTimeDataLogging  runtimelogger.o
    0x0000c3f8   0x0000c3f8   0x00000030   Code   RO         5772    i.RunTimeErrorReportHandler  onoffswitchlogic.o
    0x0000c428   0x0000c428   0x000003fc   Code   RO         4462    i.RuntimeModeCurrentHandler  lineardim.o
    0x0000c824   0x0000c824   0x0000034c   Code   RO         3804    i.SMBUS_Init        i2cdrv.o
    0x0000cb70   0x0000cb70   0x00000002   Code   RO          229    i.SVC_Handler       ht32f5xxxx_01_it.o
    0x0000cb72   0x0000cb72   0x00000002   PAD
    0x0000cb74   0x0000cb74   0x00000018   Code   RO          531    i.SYSTICK_ClockSourceConfig  ht32_cm0plus_misc.o
    0x0000cb8c   0x0000cb8c   0x00000024   Code   RO          532    i.SYSTICK_CounterCmd  ht32_cm0plus_misc.o
    0x0000cbb0   0x0000cbb0   0x00000018   Code   RO          533    i.SYSTICK_IntConfig  ht32_cm0plus_misc.o
    0x0000cbc8   0x0000cbc8   0x0000024c   Code   RO         5082    i.SelfTestErrorHandler  tinyshell.o
    0x0000ce14   0x0000ce14   0x00000020   Code   RO         5773    i.SetAUXPWR         onoffswitchlogic.o
    0x0000ce34   0x0000ce34   0x00000070   Code   RO         4434    i.SetPWMDuty        pwmdim.o
    0x0000cea4   0x0000cea4   0x00000028   Code   RO         4969    i.ShellProcUtilHandler  handlerentry.o
    0x0000cecc   0x0000cecc   0x000000e8   Code   RO         4365    i.SideKeyInit       sidekey.o
    0x0000cfb4   0x0000cfb4   0x000000a4   Code   RO         4366    i.SideKey_Callback  sidekey.o
    0x0000d058   0x0000d058   0x00000068   Code   RO         4367    i.SideKey_LogicHandler  sidekey.o
    0x0000d0c0   0x0000d0c0   0x00000044   Code   RO         4368    i.SideKey_TIM_Callback  sidekey.o
    0x0000d104   0x0000d104   0x000000f4   Code   RO         5698    i.SideLED_GenerateModeInfoPattern  modeswitchlogic.o
    0x0000d1f8   0x0000d1f8   0x00000078   Code   RO         4745    i.Str2Argv          commandprocutil.o
    0x0000d270   0x0000d270   0x00000014   Code   RO          230    i.SysTick_Handler   ht32f5xxxx_01_it.o
    0x0000d284   0x0000d284   0x0000010c   Code   RO          419    i.SystemInit        system_ht32f5xxxx_01.o
    0x0000d390   0x0000d390   0x0000000a   Code   RO         2526    i.TM_ClearFlag      ht32f5xxxx_tm.o
    0x0000d39a   0x0000d39a   0x00000014   Code   RO         2529    i.TM_Cmd            ht32f5xxxx_tm.o
    0x0000d3ae   0x0000d3ae   0x0000000a   Code   RO         2537    i.TM_GetFlagStatus  ht32f5xxxx_tm.o
    0x0000d3b8   0x0000d3b8   0x00000010   Code   RO         2542    i.TM_IntConfig      ht32f5xxxx_tm.o
    0x0000d3c8   0x0000d3c8   0x000000ac   Code   RO         2546    i.TM_OutputInit     ht32f5xxxx_tm.o
    0x0000d474   0x0000d474   0x00000040   Code   RO         2560    i.TM_TimeBaseInit   ht32f5xxxx_tm.o
    0x0000d4b4   0x0000d4b4   0x000000cc   Code   RO         4864    i.TXDMAIntCallBack  usarttxsupport.o
    0x0000d580   0x0000d580   0x000000ac   Code   RO         4865    i.TXDMA_StartFirstTransfer  usarttxsupport.o
    0x0000d62c   0x0000d62c   0x000004ec   Code   RO         4614    i.TabHandler        commandhandler.o
    0x0000db18   0x0000db18   0x00000028   Code   RO         5084    i.TinyshellXmodemHandler  tinyshell.o
    0x0000db40   0x0000db40   0x00000040   Code   RO         4464    i.TurnLightOFFLogic  lineardim.o
    0x0000db80   0x0000db80   0x000001b4   Code   RO         4465    i.TurnLightONLogic  lineardim.o
    0x0000dd34   0x0000dd34   0x00000050   Code   RO         4866    i.UARTPutc          usarttxsupport.o
    0x0000dd84   0x0000dd84   0x00000050   Code   RO         4867    i.UARTPutd          usarttxsupport.o
    0x0000ddd4   0x0000ddd4   0x00000050   Code   RO         4868    i.UARTPuts          usarttxsupport.o
    0x0000de24   0x0000de24   0x000000f4   Code   RO         4869    i.UARTPutsAuto      usarttxsupport.o
    0x0000df18   0x0000df18   0x0000005c   Code   RO         2830    i.USART_Init        ht32f5xxxx_usart.o
    0x0000df74   0x0000df74   0x00000010   Code   RO         2836    i.USART_PDMACmd     ht32f5xxxx_usart.o
    0x0000df84   0x0000df84   0x00000016   Code   RO         2851    i.USART_TXRXTLConfig  ht32f5xxxx_usart.o
    0x0000df9a   0x0000df9a   0x00000014   Code   RO         2852    i.USART_TxRxCmd     ht32f5xxxx_usart.o
    0x0000dfae   0x0000dfae   0x00000002   PAD
    0x0000dfb0   0x0000dfb0   0x000001b4   Code   RO         3751    i.UartPost          selftestlogger.o
    0x0000e164   0x0000e164   0x0000005c   Code   RO         5004    i.UartPrintCommandNoParam  parameterprocessor.o
    0x0000e1c0   0x0000e1c0   0x000000e8   Code   RO         4870    i.UartPrintf        usarttxsupport.o
    0x0000e2a8   0x0000e2a8   0x0000014c   Code   RO         3362    i.WriteConfigurationToROM  cfgfileop.o
    0x0000e3f4   0x0000e3f4   0x0000007c   Code   RO         3672    i.WriteRuntimeLogToROM  runtimelogger.o
    0x0000e470   0x0000e470   0x00000088   Code   RO         6021    i.XmodemDMARXHandler  xmodemrx.o
    0x0000e4f8   0x0000e4f8   0x00000038   Code   RO         6022    i.XmodemInitRXModule  xmodemrx.o
    0x0000e530   0x0000e530   0x00000038   Code   RO         6074    i.XmodemInitTxModule  xmodemtx.o
    0x0000e568   0x0000e568   0x00000280   Code   RO         6023    i.XmodemRXStateMachine  xmodemrx.o
    0x0000e7e8   0x0000e7e8   0x0000011c   Code   RO         6126    i.XmodemRxDisplayHandler  xmodeminfo.o
    0x0000e904   0x0000e904   0x00000034   Code   RO         6024    i.XmodemTransferReset  xmodemrx.o
    0x0000e938   0x0000e938   0x000000f0   Code   RO         6127    i.XmodemTxDisplayHandler  xmodeminfo.o
    0x0000ea28   0x0000ea28   0x000001b8   Code   RO         6075    i.XmodemTxStateMachine  xmodemtx.o
    0x0000ebe0   0x0000ebe0   0x00000030   Code   RO         6501    i.__ARM_common_ll_muluu  c_p.l(btod.o)
    0x0000ec10   0x0000ec10   0x0000002c   Code   RO         6411    i.__ARM_fpclassify  m_ps.l(fpclassify.o)
    0x0000ec3c   0x0000ec3c   0x000000ac   Code   RO         6413    i.__kernel_poly     m_ps.l(poly.o)
    0x0000ece8   0x0000ece8   0x00000014   Code   RO         6397    i.__mathlib_dbl_divzero  m_ps.l(dunder.o)
    0x0000ecfc   0x0000ecfc   0x0000000a   Code   RO         6398    i.__mathlib_dbl_infnan  m_ps.l(dunder.o)
    0x0000ed06   0x0000ed06   0x00000008   Code   RO         6399    i.__mathlib_dbl_infnan2  m_ps.l(dunder.o)
    0x0000ed0e   0x0000ed0e   0x00000010   Code   RO         6400    i.__mathlib_dbl_invalid  m_ps.l(dunder.o)
    0x0000ed1e   0x0000ed1e   0x00000002   PAD
    0x0000ed20   0x0000ed20   0x00000014   Code   RO         6401    i.__mathlib_dbl_overflow  m_ps.l(dunder.o)
    0x0000ed34   0x0000ed34   0x00000014   Code   RO         6403    i.__mathlib_dbl_underflow  m_ps.l(dunder.o)
    0x0000ed48   0x0000ed48   0x00000010   Code   RO         6592    i.__mathlib_narrow  m_ps.l(narrow.o)
    0x0000ed58   0x0000ed58   0x000000c8   Code   RO         6593    i.__mathlib_tofloat  m_ps.l(narrow.o)
    0x0000ee20   0x0000ee20   0x00000014   Code   RO         6644    i.__support_ldexp   m_ps.l(ldexp.o)
    0x0000ee34   0x0000ee34   0x0000000e   Code   RO         6349    i._is_digit         c_p.l(__printf_wp.o)
    0x0000ee42   0x0000ee42   0x00000048   Code   RO         3503    i.aes_AddRoundKey   aes256.o
    0x0000ee8a   0x0000ee8a   0x00000002   PAD
    0x0000ee8c   0x0000ee8c   0x00000308   Code   RO         3504    i.aes_DecryptState  aes256.o
    0x0000f194   0x0000f194   0x00000244   Code   RO         3505    i.aes_EncryptState  aes256.o
    0x0000f3d8   0x0000f3d8   0x00000154   Code   RO         3506    i.aes_ExpRoundKeys  aes256.o
    0x0000f52c   0x0000f52c   0x0000002a   Code   RO         6248    i.atof              m_ps.l(atof.o)
    0x0000f556   0x0000f556   0x00000002   PAD
    0x0000f558   0x0000f558   0x00000120   Code   RO         5608    i.battcfgArgument   battcfg.o
    0x0000f678   0x0000f678   0x0000079c   Code   RO         5609    i.battcfghandler    battcfg.o
    0x0000fe14   0x0000fe14   0x00000050   Code   RO         5520    i.breathecfgArgument  breathecfg.o
    0x0000fe64   0x0000fe64   0x0000037c   Code   RO         5521    i.breathecfghandler  breathecfg.o
    0x000101e0   0x000101e0   0x00000054   Code   RO         3580    i.calculateLogEntryCRC32  logger.o
    0x00010234   0x00010234   0x0000013c   Code   RO         4022    i.cfgmgmtArgument   cfgmgmt.o
    0x00010370   0x00010370   0x0000002c   Code   RO         4023    i.cfgmgmtCmdXmodemErrorHandler  cfgmgmt.o
    0x0001039c   0x0001039c   0x00000018   Code   RO         4024    i.cfgmgmt_ctrlc_handler  cfgmgmt.o
    0x000103b4   0x000103b4   0x000009d0   Code   RO         4025    i.cfgmgmthandler    cfgmgmt.o
    0x00010d84   0x00010d84   0x00000020   Code   RO         4072    i.clearHandler      clear.o
    0x00010da4   0x00010da4   0x00000078   Code   RO         5118    i.cptxgenArgument   cprtxtgen.o
    0x00010e1c   0x00010e1c   0x00000038   Code   RO         5636    i.customflashcfgArgument  customflashcfg.o
    0x00010e54   0x00010e54   0x0000029c   Code   RO         5637    i.customflashcfgHandler  customflashcfg.o
    0x000110f0   0x000110f0   0x00000050   Code   RO          297    i.delay_Second      delay.o
    0x00011140   0x00011140   0x0000002c   Code   RO          298    i.delay_init        delay.o
    0x0001116c   0x0001116c   0x0000004c   Code   RO          299    i.delay_ms          delay.o
    0x000111b8   0x000111b8   0x0000001e   Code   RO         3581    i.fetchloggerheader  logger.o
    0x000111d6   0x000111d6   0x00000026   Code   RO         6271    i.fmaxf             m_ps.l(fmaxf.o)
    0x000111fc   0x000111fc   0x00000026   Code   RO         6273    i.fminf             m_ps.l(fminf.o)
    0x00011222   0x00011222   0x00000002   PAD
    0x00011224   0x00011224   0x00000058   Code   RO         6620    i.frexp             m_ps.l(frexp.o)
    0x0001127c   0x0001127c   0x00000010   Code   RO         4369    i.getSideKeyClickAndHoldEvent  sidekey.o
    0x0001128c   0x0001128c   0x0000000c   Code   RO         4370    i.getSideKeyHoldEvent  sidekey.o
    0x00011298   0x00011298   0x00000018   Code   RO         4371    i.getSideKeyLongPressEvent  sidekey.o
    0x000112b0   0x000112b0   0x00000028   Code   RO         4372    i.getSideKeyShortPressCount  sidekey.o
    0x000112d8   0x000112d8   0x000000e8   Code   RO         5176    i.imonadjArgument   imonadj.o
    0x000113c0   0x000113c0   0x00000070   Code   RO         6645    i.ldexp             m_ps.l(ldexp.o)
    0x00011430   0x00011430   0x00000354   Code   RO         6252    i.log               m_ps.l(log.o)
    0x00011784   0x00011784   0x00000060   Code   RO         5337    i.logbkupArgument   logbkup.o
    0x000117e4   0x000117e4   0x00000024   Code   RO         5338    i.logbkupCmdEndHandler  logbkup.o
    0x00011808   0x00011808   0x000000d8   Code   RO         5339    i.logbkupHandler    logbkup.o
    0x000118e0   0x000118e0   0x00000080   Code   RO         5236    i.logclrHandler     logclr.o
    0x00011960   0x00011960   0x00000018   Code   RO         4095    i.login_ctrlC_handler  loginlogout.o
    0x00011978   0x00011978   0x00000028   Code   RO         5203    i.logviewArgument   logview.o
    0x000119a0   0x000119a0   0x000009c4   Code   RO         5204    i.logviewhandler    logview.o
    0x00012364   0x00012364   0x000000ac   Code   RO            3    i.main              main.o
    0x00012410   0x00012410   0x000000a8   Code   RO         5436    i.modeadvcfgArgument  modeadvcfg.o
    0x000124b8   0x000124b8   0x0000058c   Code   RO         5437    i.modeadvcfgHandler  modeadvcfg.o
    0x00012a44   0x00012a44   0x00000038   Code   RO         5408    i.modecurcfgArgument  modecurcfg.o
    0x00012a7c   0x00012a7c   0x0000023c   Code   RO         5409    i.modecurcfghandler  modecurcfg.o
    0x00012cb8   0x00012cb8   0x00000054   Code   RO         5379    i.modeenacfgArgument  modeenacfg.o
    0x00012d0c   0x00012d0c   0x00000030   Code   RO         5580    i.modeporcfgArgument  modeporcfg.o
    0x00012d3c   0x00012d3c   0x000001c0   Code   RO         5581    i.modeporcfghandler  modeporcfg.o
    0x00012efc   0x00012efc   0x00000088   Code   RO         5664    i.modeviewArgument  modeview.o
    0x00012f84   0x00012f84   0x0000079c   Code   RO         5665    i.modeviewhandler   modeview.o
    0x00013720   0x00013720   0x00000038   Code   RO         5492    i.mostranscfgArgument  mostrancfg.o
    0x00013758   0x00013758   0x00000254   Code   RO         5493    i.mostranscfghandler  mostrancfg.o
    0x000139ac   0x000139ac   0x000009fc   Code   RO         6262    i.pow               m_ps.l(pow.o)
    0x000143a8   0x000143a8   0x0000001c   Code   RO         4231    i.reboot_CtrlC_Handler  reboot.o
    0x000143c4   0x000143c4   0x0000003c   Code   RO         4232    i.reboot_TIM_Callback  reboot.o
    0x00014400   0x00014400   0x000000cc   Code   RO         5292    i.runlogcfgHandler  runlogcfg.o
    0x000144cc   0x000144cc   0x000001a8   Code   RO         5293    i.runlogclrAndrunloggerEnCtrl  runlogcfg.o
    0x00014674   0x00014674   0x000007b4   Code   RO         5259    i.runlogviewHandler  runlogview.o
    0x00014e28   0x00014e28   0x00000048   Code   RO         6417    i.sqrt              m_ps.l(sqrt.o)
    0x00014e70   0x00014e70   0x00000030   Code   RO         5464    i.strobecfgArgument  strobecfg.o
    0x00014ea0   0x00014ea0   0x00000188   Code   RO         5465    i.strobecfghandler  strobecfg.o
    0x00015028   0x00015028   0x0000008c   Code   RO         4199    i.termcfgArgument   termcfg.o
    0x000150b4   0x000150b4   0x00000294   Code   RO         4200    i.termcfgHandler    termcfg.o
    0x00015348   0x00015348   0x00000584   Code   RO         5549    i.thermalcfghandler  thermalcfg.o
    0x000158cc   0x000158cc   0x00000080   Code   RO         5550    i.thremalcfgArgument  thermalcfg.o
    0x0001594c   0x0001594c   0x00000098   Code   RO         4133    i.usrmodArgument    usrmod.o
    0x000159e4   0x000159e4   0x00000020   Code   RO         4134    i.usrmod_ctrlC_handler  usrmod.o
    0x00015a04   0x00015a04   0x000003e4   Code   RO         4135    i.usrmodhandler     usrmod.o
    0x00015de8   0x00015de8   0x00000072   Code   RO         4747    i.ustrlen           commandprocutil.o
    0x00015e5a   0x00015e5a   0x00000002   PAD
    0x00015e5c   0x00015e5c   0x00000188   Code   RO         5146    i.verHandler        ver.o
    0x00015fe4   0x00015fe4   0x0000002c   Code   RO         6468    locale$$code        c_p.l(lc_numeric_c.o)
    0x00016010   0x00016010   0x0000002c   Code   RO         6504    locale$$code        c_p.l(lc_ctype_c.o)
    0x0001603c   0x0001603c   0x00000064   Code   RO         6388    x$fpl$deqf          fz_ps.l(deqf.o)
    0x000160a0   0x000160a0   0x00000064   Code   RO         6212    x$fpl$dleqf         fz_ps.l(dlef.o)
    0x00016104   0x00016104   0x00000068   Code   RO         6216    x$fpl$drleqf        fz_ps.l(drlef.o)
    0x0001616c   0x0001616c   0x0000008c   Code   RO         6222    x$fpl$fadd          fz_ps.l(faddsub.o)
    0x000161f8   0x000161f8   0x00000054   Code   RO         6231    x$fpl$feqf          fz_ps.l(feqf.o)
    0x0001624c   0x0001624c   0x00000054   Code   RO         6239    x$fpl$fleqf         fz_ps.l(flef.o)
    0x000162a0   0x000162a0   0x000000b0   Code   RO         6241    x$fpl$fmul          fz_ps.l(fmul.o)
    0x00016350   0x00016350   0x00000058   Code   RO         6243    x$fpl$frleqf        fz_ps.l(frlef.o)
    0x000163a8   0x000163a8   0x00000018   Code   RO         6223    x$fpl$frsb          fz_ps.l(faddsub.o)
    0x000163c0   0x000163c0   0x000000d0   Code   RO         6224    x$fpl$fsub          fz_ps.l(faddsub.o)
    0x00016490   0x00016490   0x00000010   Code   RO         6394    x$fpl$printf1       fz_ps.l(printf1.o)
    0x000164a0   0x000164a0   0x00000010   Code   RO         6480    x$fpl$scanf1        fz_ps.l(scanf1.o)
    0x000164b0   0x000164b0   0x00000020   Code   RO         6586    x$fpl$scanf2        fz_ps.l(scanf2.o)
    0x000164d0   0x000164d0   0x00000000   Code   RO         6396    x$fpl$usenofp       fz_ps.l(usenofp.o)
    0x000164d0   0x000164d0   0x00000070   Data   RO         3365    .constdata          cfgfileop.o
    0x00016540   0x00016540   0x0000045c   Data   RO         3509    .constdata          aes256.o
    0x0001699c   0x0001699c   0x000000a7   Data   RO         4171    .constdata          help.o
    0x00016a43   0x00016a43   0x00000001   PAD
    0x00016a44   0x00016a44   0x000003cc   Data   RO         4617    .constdata          commandhandler.o
    0x00016e10   0x00016e10   0x00000030   Data   RO         5147    .constdata          ver.o
    0x00016e40   0x00016e40   0x00000014   Data   RO         5700    .constdata          modeswitchlogic.o
    0x00016e54   0x00016e54   0x00000004   Data   RO         5950    .constdata          morsecodetransmitmode.o
    0x00016e58   0x00016e58   0x00000080   Data   RO         6206    .constdata          fz_ps.l(ddiv.o)
    0x00016ed8   0x00016ed8   0x00000040   Data   RO         6229    .constdata          fz_ps.l(fdiv.o)
    0x00016f18   0x00016f18   0x00000038   Data   RO         6253    .constdata          m_ps.l(log.o)
    0x00016f50   0x00016f50   0x00000088   Data   RO         6263    .constdata          m_ps.l(pow.o)
    0x00016fd8   0x00016fd8   0x00000008   Data   RO         6308    .constdata          c_p.l(_printf_wctomb.o)
    0x00016fe0   0x00016fe0   0x00000028   Data   RO         6337    .constdata          c_p.l(_printf_hex_int_ll_ptr.o)
    0x00017008   0x00017008   0x00000011   Data   RO         6357    .constdata          c_p.l(__printf_flags_ss_wp.o)
    0x00017019   0x00017019   0x00000007   PAD
    0x00017020   0x00017020   0x00000008   Data   RO         6415    .constdata          m_ps.l(qnan.o)
    0x00017028   0x00017028   0x00000094   Data   RO         6497    .constdata          c_p.l(bigflt0.o)
    0x000170bc   0x000170bc   0x00000009   Data   RO          341    .conststring        mcubeattimer.o
    0x000170c5   0x000170c5   0x00000003   PAD
    0x000170c8   0x000170c8   0x00000097   Data   RO         3367    .conststring        cfgfileop.o
    0x0001715f   0x0001715f   0x00000001   PAD
    0x00017160   0x00017160   0x000000da   Data   RO         3583    .conststring        logger.o
    0x0001723a   0x0001723a   0x00000002   PAD
    0x0001723c   0x0001723c   0x00000132   Data   RO         3674    .conststring        runtimelogger.o
    0x0001736e   0x0001736e   0x00000002   PAD
    0x00017370   0x00017370   0x00000610   Data   RO         4026    .conststring        cfgmgmt.o
    0x00017980   0x00017980   0x000001a1   Data   RO         4136    .conststring        usrmod.o
    0x00017b21   0x00017b21   0x00000003   PAD
    0x00017b24   0x00017b24   0x00000156   Data   RO         4172    .conststring        help.o
    0x00017c7a   0x00017c7a   0x00000002   PAD
    0x00017c7c   0x00017c7c   0x000002b0   Data   RO         4201    .conststring        termcfg.o
    0x00017f2c   0x00017f2c   0x000001de   Data   RO         4233    .conststring        reboot.o
    0x0001810a   0x0001810a   0x00000002   PAD
    0x0001810c   0x0001810c   0x0000022a   Data   RO         4268    .conststring        ledmgmt.o
    0x00018336   0x00018336   0x00000002   PAD
    0x00018338   0x00018338   0x0000001b   Data   RO         4310    .conststring        adc.o
    0x00018353   0x00018353   0x00000001   PAD
    0x00018354   0x00018354   0x0000000d   Data   RO         4311    .conststring        adc.o
    0x00018361   0x00018361   0x00000003   PAD
    0x00018364   0x00018364   0x00000131   Data   RO         4467    .conststring        lineardim.o
    0x00018495   0x00018495   0x00000003   PAD
    0x00018498   0x00018498   0x00000ee4   Data   RO         4618    .conststring        commandhandler.o
    0x0001937c   0x0001937c   0x00000214   Data   RO         4816    .conststring        usartrxsupport.o
    0x00019590   0x00019590   0x0000036a   Data   RO         5005    .conststring        parameterprocessor.o
    0x000198fa   0x000198fa   0x00000002   PAD
    0x000198fc   0x000198fc   0x0000039d   Data   RO         5085    .conststring        tinyshell.o
    0x00019c99   0x00019c99   0x00000003   PAD
    0x00019c9c   0x00019c9c   0x000001b7   Data   RO         5119    .conststring        cprtxtgen.o
    0x00019e53   0x00019e53   0x00000001   PAD
    0x00019e54   0x00019e54   0x000004de   Data   RO         5148    .conststring        ver.o
    0x0001a332   0x0001a332   0x00000002   PAD
    0x0001a334   0x0001a334   0x00000203   Data   RO         5177    .conststring        imonadj.o
    0x0001a537   0x0001a537   0x00000001   PAD
    0x0001a538   0x0001a538   0x000001e3   Data   RO         5205    .conststring        logview.o
    0x0001a71b   0x0001a71b   0x00000001   PAD
    0x0001a71c   0x0001a71c   0x0000005f   Data   RO         5237    .conststring        logclr.o
    0x0001a77b   0x0001a77b   0x00000001   PAD
    0x0001a77c   0x0001a77c   0x0000009e   Data   RO         5260    .conststring        runlogview.o
    0x0001a81a   0x0001a81a   0x00000002   PAD
    0x0001a81c   0x0001a81c   0x000001e5   Data   RO         5294    .conststring        runlogcfg.o
    0x0001aa01   0x0001aa01   0x00000003   PAD
    0x0001aa04   0x0001aa04   0x00000173   Data   RO         5340    .conststring        logbkup.o
    0x0001ab77   0x0001ab77   0x00000001   PAD
    0x0001ab78   0x0001ab78   0x000003c5   Data   RO         5380    .conststring        modeenacfg.o
    0x0001af3d   0x0001af3d   0x00000003   PAD
    0x0001af40   0x0001af40   0x00000207   Data   RO         5410    .conststring        modecurcfg.o
    0x0001b147   0x0001b147   0x00000001   PAD
    0x0001b148   0x0001b148   0x00000548   Data   RO         5438    .conststring        modeadvcfg.o
    0x0001b690   0x0001b690   0x000000a3   Data   RO         5466    .conststring        strobecfg.o
    0x0001b733   0x0001b733   0x00000001   PAD
    0x0001b734   0x0001b734   0x00000312   Data   RO         5494    .conststring        mostrancfg.o
    0x0001ba46   0x0001ba46   0x00000002   PAD
    0x0001ba48   0x0001ba48   0x00000332   Data   RO         5522    .conststring        breathecfg.o
    0x0001bd7a   0x0001bd7a   0x00000002   PAD
    0x0001bd7c   0x0001bd7c   0x000003c3   Data   RO         5551    .conststring        thermalcfg.o
    0x0001c13f   0x0001c13f   0x00000001   PAD
    0x0001c140   0x0001c140   0x000001ed   Data   RO         5582    .conststring        modeporcfg.o
    0x0001c32d   0x0001c32d   0x00000003   PAD
    0x0001c330   0x0001c330   0x0000080c   Data   RO         5610    .conststring        battcfg.o
    0x0001cb3c   0x0001cb3c   0x000001ef   Data   RO         5638    .conststring        customflashcfg.o
    0x0001cd2b   0x0001cd2b   0x00000001   PAD
    0x0001cd2c   0x0001cd2c   0x00000183   Data   RO         5701    .conststring        modeswitchlogic.o
    0x0001ceaf   0x0001ceaf   0x00000001   PAD
    0x0001ceb0   0x0001ceb0   0x00000219   Data   RO         6128    .conststring        xmodeminfo.o
    0x0001d0c9   0x0001d0c9   0x00000003   PAD
    0x0001d0cc   0x0001d0cc   0x00000ff8   Data   RO         4619    .conststrlit        commandhandler.o
    0x0001e0c4   0x0001e0c4   0x00000020   Data   RO         6687    Region$$Table       anon$$obj.o
    0x0001e0e4   0x0001e0e4   0x00000008   Data   RO         6580    c$$dinf             fz_ps.l(fpconst.o)
    0x0001e0ec   0x0001e0ec   0x00000008   Data   RO         6583    c$$dmax             fz_ps.l(fpconst.o)
    0x0001e0f4   0x0001e0f4   0x0000001c   Data   RO         6467    locale$$data        c_p.l(lc_numeric_c.o)
    0x0001e110   0x0001e110   0x00000110   Data   RO         6503    locale$$data        c_p.l(lc_ctype_c.o)


    Execution Region RW_IRAM1 (Exec base: 0x20000000, Load base: 0x0001e220, Size: 0x00001e80, Max: 0x00004000, ABSOLUTE, COMPRESSED[0x00000180])

    Exec Addr    Load Addr    Size         Type   Attr      Idx    E Section Name        Object

    0x20000000   COMPRESSED   0x00000002   Data   RW            4    .data               main.o
    0x20000002   COMPRESSED   0x00000002   PAD
    0x20000004   COMPRESSED   0x00000004   Data   RW          231    .data               ht32f5xxxx_01_it.o
    0x20000008   COMPRESSED   0x00000001   Data   RW          301    .data               delay.o
    0x20000009   COMPRESSED   0x00000003   PAD
    0x2000000c   COMPRESSED   0x00000004   Data   RW          342    .data               mcubeattimer.o
    0x20000010   COMPRESSED   0x00000004   Data   RW         3368    .data               cfgfileop.o
    0x20000014   COMPRESSED   0x00000001   Data   RW         3510    .data               aes256.o
    0x20000015   COMPRESSED   0x00000001   Data   RW         3584    .data               logger.o
    0x20000016   COMPRESSED   0x00000003   Data   RW         3675    .data               runtimelogger.o
    0x20000019   COMPRESSED   0x00000002   Data   RW         3753    .data               selftestlogger.o
    0x2000001b   COMPRESSED   0x00000002   Data   RW         4027    .data               cfgmgmt.o
    0x2000001d   COMPRESSED   0x00000003   PAD
    0x20000020   COMPRESSED   0x00000008   Data   RW         4096    .data               loginlogout.o
    0x20000028   COMPRESSED   0x00000001   Data   RW         4137    .data               usrmod.o
    0x20000029   COMPRESSED   0x00000002   Data   RW         4234    .data               reboot.o
    0x2000002b   COMPRESSED   0x00000001   PAD
    0x2000002c   COMPRESSED   0x0000008c   Data   RW         4269    .data               ledmgmt.o
    0x200000b8   COMPRESSED   0x00000010   Data   RW         4312    .data               adc.o
    0x200000c8   COMPRESSED   0x0000000c   Data   RW         4313    .data               adc.o
    0x200000d4   COMPRESSED   0x0000000c   Data   RW         4373    .data               sidekey.o
    0x200000e0   COMPRESSED   0x00000001   Data   RW         4468    .data               lineardim.o
    0x200000e1   COMPRESSED   0x00000003   PAD
    0x200000e4   COMPRESSED   0x00000008   Data   RW         4522    .data               battmonitor.o
    0x200000ec   COMPRESSED   0x00000008   Data   RW         4568    .data               deepsleep.o
    0x200000f4   COMPRESSED   0x00000010   Data   RW         4620    .data               commandhandler.o
    0x20000104   COMPRESSED   0x00000002   Data   RW         4699    .data               commandhistory.o
    0x20000106   COMPRESSED   0x0000000a   Data   RW         4817    .data               usartrxsupport.o
    0x20000110   COMPRESSED   0x0000000c   Data   RW         4872    .data               usarttxsupport.o
    0x2000011c   COMPRESSED   0x00000004   Data   RW         4936    .data               useridletimer.o
    0x20000120   COMPRESSED   0x00000058   Data   RW         5006    .data               parameterprocessor.o
    0x20000178   COMPRESSED   0x00000018   Data   RW         5086    .data               tinyshell.o
    0x20000190   COMPRESSED   0x00000004   Data   RW         5120    .data               cprtxtgen.o
    0x20000194   COMPRESSED   0x00000030   Data   RW         5149    .data               ver.o
    0x200001c4   COMPRESSED   0x00000024   Data   RW         5206    .data               logview.o
    0x200001e8   COMPRESSED   0x00000008   Data   RW         5295    .data               runlogcfg.o
    0x200001f0   COMPRESSED   0x00000001   Data   RW         5341    .data               logbkup.o
    0x200001f1   COMPRESSED   0x00000003   PAD
    0x200001f4   COMPRESSED   0x00000024   Data   RW         5381    .data               modeenacfg.o
    0x20000218   COMPRESSED   0x00000034   Data   RW         5702    .data               modeswitchlogic.o
    0x2000024c   COMPRESSED   0x00000008   Data   RW         5835    .data               specialmodetimer.o
    0x20000254   COMPRESSED   0x0000000c   Data   RW         5888    .data               breathmode.o
    0x20000260   COMPRESSED   0x00000003   Data   RW         5923    .data               rampmode.o
    0x20000263   COMPRESSED   0x00000001   PAD
    0x20000264   COMPRESSED   0x00000008   Data   RW         5951    .data               morsecodetransmitmode.o
    0x2000026c   COMPRESSED   0x00000002   Data   RW         5990    .data               customflash.o
    0x2000026e   COMPRESSED   0x00000001   Data   RW         6026    .data               xmodemrx.o
    0x2000026f   COMPRESSED   0x00000001   PAD
    0x20000270   COMPRESSED   0x0000001c   Data   RW         6129    .data               xmodeminfo.o
    0x2000028c        -       0x00000764   Zero   RW         3363    .bss                cfgfileop.o
    0x200009f0        -       0x00000070   Zero   RW         3582    .bss                logger.o
    0x20000a60        -       0x000000a0   Zero   RW         3673    .bss                runtimelogger.o
    0x20000b00        -       0x00000058   Zero   RW         4466    .bss                lineardim.o
    0x20000b58        -       0x00000010   Zero   RW         4521    .bss                battmonitor.o
    0x20000b68        -       0x00000050   Zero   RW         4616    .bss                commandhandler.o
    0x20000bb8        -       0x00000300   Zero   RW         4698    .bss                commandhistory.o
    0x20000eb8        -       0x0000010d   Zero   RW         4815    .bss                usartrxsupport.o
    0x20000fc5        -       0x00000180   Zero   RW         4871    .bss                usarttxsupport.o
    0x20001145        -       0x00000020   Zero   RW         5699    .bss                modeswitchlogic.o
    0x20001165   COMPRESSED   0x00000003   PAD
    0x20001168        -       0x00000018   Zero   RW         5774    .bss                onoffswitchlogic.o
    0x20001180        -       0x0000009c   Zero   RW         6025    .bss                xmodemrx.o
    0x2000121c        -       0x00000060   Zero   RW         6425    .bss                c_p.l(libspace.o)
    0x2000127c   COMPRESSED   0x00000004   PAD
    0x20001280        -       0x00000000   Zero   RW          518    HEAP                startup_ht32f5xxxx_01.o
    0x20001280        -       0x00000c00   Zero   RW          517    STACK               startup_ht32f5xxxx_01.o


==============================================================================

Image component sizes


      Code (inc. data)   RO Data    RW Data    ZI Data      Debug   Object Name

       616         16          0          0          0       2735   24cxx.o
       156         12          0          0          0       1612   ad5693r.o
      1736        504         40         28          0      13951   adc.o
      1986         78       1116          1          0       8082   aes256.o
      2236       1172       2060          0          0       1967   battcfg.o
       524         68          0          8         16       4721   battmonitor.o
       972        236        818          0          0       2701   breathecfg.o
       392         36          0         12          0       4613   breathmode.o
      2628       1020        263          4       1892      54805   cfgfileop.o
      3316       1394       1552          2          0       7284   cfgmgmt.o
        32         12          0          0          0        435   clear.o
      3020        290       8872         16         80      11826   commandhandler.o
       436         72          0          2        768       2883   commandhistory.o
       950         82          0          0          0       6812   commandprocutil.o
       880        442        439          4          0       1815   cprtxtgen.o
       408         86          0          2          0       2532   customflash.o
       724        222        495          0          0       2513   customflashcfg.o
       472         54          0          8          0       2078   deepsleep.o
       200         26          0          1          0       1626   delay.o
       268         32          0          0          0       1584   handlerentry.o
       792        338        509          0          0       2675   help.o
        84         12          0          0          0       1577   ht32_cm0plus_misc.o
       262         46          0          4          0       4388   ht32f5xxxx_01_it.o
       166          0          0          0          0       5963   ht32f5xxxx_adc.o
       236         30          0          0          0       4864   ht32f5xxxx_ckcu.o
        16          0          0          0          0        797   ht32f5xxxx_crc.o
       100         20          0          0          0       4933   ht32f5xxxx_exti.o
       356         12          0          0          0       5548   ht32f5xxxx_gpio.o
        68          0          0          0          0       1506   ht32f5xxxx_mctm.o
       228         34          0          0          0       4340   ht32f5xxxx_pdma.o
         0          0          0          0          0       7924   ht32f5xxxx_pwrcu.o
        40          4          0          0          0        631   ht32f5xxxx_rstcu.o
       292          8          0          0          0       4910   ht32f5xxxx_tm.o
       150          6          0          0          0       3550   ht32f5xxxx_usart.o
      1600        288          0          0          0       7930   i2cdrv.o
      1364        740        515          0          0       1599   imonadj.o
      1628        508          0          0          0       3779   ina219.o
       632        174        554        140          0       2435   ledmgmt.o
      2596        608        305          1         88       6250   lineardim.o
       446         14          0          0          0       2522   lineartabop.o
       620        222        371          1          0       3472   logbkup.o
       128         86         95          0          0        452   logclr.o
      2260        682        218          1        112      10395   logger.o
       808        484          0          8          0       2763   loginlogout.o
      2628       1660        483         36          0       3207   logview.o
       172         16          0          2          0      77857   main.o
       364        158          9          4          0       9903   mcubeattimer.o
      1588        606       1352          0          0       3081   modeadvcfg.o
       628        140        519          0          0       2233   modecurcfg.o
       620        160        965         36          0       2797   modeenacfg.o
       496        140        493          0          0       2165   modeporcfg.o
      2976        674        407         52         32      10661   modeswitchlogic.o
      2084       1174          0          0          0       2381   modeview.o
      1058        620          4          8          0       4315   morsecodetransmitmode.o
       652        140        786          0          0       2499   mostrancfg.o
      1000        230          0          0         24       6591   onoffswitchlogic.o
       992        432        874         88          0      11054   parameterprocessor.o
       194          0          0          0          0       2053   pmbus.o
       456        172          0          0          0       1228   pwmdim.o
       368         48          0          3          0       1814   rampmode.o
       316        140        478          2          0       2189   reboot.o
       984        458        485          8          0       3643   runlogcfg.o
      2208       1364        158          0          0       2413   runlogview.o
      2128        470        306          3        160       9904   runtimelogger.o
       436         90          0          2          0       3540   selftestlogger.o
       660        166          0         12          0       5142   sidekey.o
       448         64          0          8          0      13157   specialmodetimer.o
       380        252          0          0       3072        716   startup_ht32f5xxxx_01.o
       440         92        163          0          0       2247   strobecfg.o
       268         24          0          0          0        649   system_ht32f5xxxx_01.o
       800        410        688          0          0       1415   termcfg.o
      1868        770        963          0          0       3697   thermalcfg.o
       628        206        925         24          0       2019   tinyshell.o
      1128        112        532         10        269       7094   usartrxsupport.o
      1132        102          0         12        384       7350   usarttxsupport.o
       432        138          0          4          0       2118   useridletimer.o
      1180        644        417          1          0       2742   usrmod.o
       392        194       1294         48          0       1383   ver.o
       196          8          0          0          0       2251   xmodemdigestencrypt.o
       568        112        537         28          0       3564   xmodeminfo.o
       884         70          0          1        156       5264   xmodemrx.o
       496         36          0          0          0       1716   xmodemtx.o

    ----------------------------------------------------------------------
     71096      22462      31152        652       7056     459830   Object Totals
         0          0         32          0          0          0   (incl. Generated)
        24          0         60         17          3          0   (incl. Padding)

    ----------------------------------------------------------------------

      Code (inc. data)   RO Data    RW Data    ZI Data      Debug   Library Member Name

        86          0          0          0          0          0   __dczerorl2.o
         8          0          0          0          0         68   __main.o
       392          6         17          0          0         76   __printf_flags_ss_wp.o
        14          0          0          0          0         60   __printf_wp.o
         0          0          0          0          0          0   __rtentry.o
        12          0          0          0          0          0   __rtentry2.o
         6          0          0          0          0          0   __rtentry4.o
        60          8          0          0          0          0   __scatter.o
        28          0          0          0          0          0   __scatter_zi.o
        30          0          0          0          0         60   _chval.o
        10          0          0          0          0          0   _printf_a.o
        10          0          0          0          0          0   _printf_c.o
        46          0          0          0          0        100   _printf_char.o
        48          6          0          0          0         88   _printf_char_common.o
        38          0          0          0          0         60   _printf_charcount.o
        10          0          0          0          0          0   _printf_d.o
       108         18          0          0          0         76   _printf_dec.o
        10          0          0          0          0          0   _printf_e.o
        10          0          0          0          0          0   _printf_f.o
      1048         14          0          0          0        176   _printf_fp_dec.o
       136         16          0          0          0         76   _printf_fp_infnan.o
        10          0          0          0          0          0   _printf_g.o
       152          4         40          0          0        148   _printf_hex_int_ll_ptr.o
        10          0          0          0          0          0   _printf_i.o
       176          0          0          0          0         84   _printf_intcommon.o
        10          0          0          0          0          0   _printf_l.o
        10          0          0          0          0          0   _printf_lc.o
        10          0          0          0          0          0   _printf_ll.o
        10          0          0          0          0          0   _printf_lld.o
        10          0          0          0          0          0   _printf_lli.o
        10          0          0          0          0          0   _printf_llo.o
        10          0          0          0          0          0   _printf_llu.o
        10          0          0          0          0          0   _printf_llx.o
       112         18          0          0          0         76   _printf_longlong_dec.o
        10          0          0          0          0          0   _printf_ls.o
        10          0          0          0          0          0   _printf_n.o
        10          0          0          0          0          0   _printf_o.o
       112         10          0          0          0        112   _printf_oct_int_ll.o
        10          0          0          0          0          0   _printf_p.o
        78          0          0          0          0        100   _printf_pad.o
         2          0          0          0          0          0   _printf_percent.o
         4          0          0          0          0          0   _printf_percent_end.o
        10          0          0          0          0          0   _printf_s.o
        82          0          0          0          0         72   _printf_str.o
        36          0          0          0          0         76   _printf_truncate.o
        10          0          0          0          0          0   _printf_u.o
        46          0          0          0          0        100   _printf_wchar.o
       188          6          8          0          0         80   _printf_wctomb.o
        10          0          0          0          0          0   _printf_x.o
        22          0          0          0          0         92   _rserrno.o
        68          0          0          0          0         76   _sgetc.o
        16          0          0          0          0         60   _snputc.o
        10          0          0          0          0         60   _sputc.o
       166          0          0          0          0         84   _strtoul.o
        64          0          0          0          0         72   _wcrtomb.o
        18          0          0          0          0         68   aeabi_memset.o
       488          0          0          0          0         92   aeabi_sdivfast.o
        26          0          0          0          0         72   atoi.o
       216          6        148          0          0         80   bigflt0.o
      1456         30          0          0          0        336   btod.o
        56          6          0          0          0         72   c89vsnprintf.o
        16          0          0          0          0         68   exit.o
         6          0          0          0          0        136   heapauxi.o
         0          0          0          0          0          0   indicate_semi.o
        18          0          0          0          0         68   isspace.o
        44         10        272          0          0         76   lc_ctype_c.o
        44         10         28          0          0         76   lc_numeric_c.o
         2          0          0          0          0          0   libinit.o
        30          0          0          0          0          0   libinit2.o
         2          0          0          0          0          0   libshutdown.o
         2          0          0          0          0          0   libshutdown2.o
         8          4          0          0         96         68   libspace.o
        48          0          0          0          0         72   llmul.o
        32          0          0          0          0         68   llshl.o
       122          0          0          0          0         72   lludiv10.o
        16          4          0          0          0         76   rt_ctype_table.o
         8          4          0          0          0         68   rt_errno_addr_intlibspace.o
         8          4          0          0          0         68   rt_locale_intlibspace.o
        64          0          0          0          0        108   rt_memclr.o
       186          0          0          0          0        144   rt_memcpy.o
       150          0          0          0          0        104   rt_memmove.o
         2          0          0          0          0          0   rtexit.o
        10          0          0          0          0          0   rtexit2.o
        40          0          0          0          0         60   rtudiv10.o
      1312         24          0          0          0        124   scanf_fp.o
       820         14          0          0          0         84   scanf_hexfp.o
       316         16          0          0          0         84   scanf_infnan.o
       160          4          0          0          0         80   strcmpv6m.o
        68          6          0          0          0         72   strlen.o
        46          0          0          0          0         76   strncasecmp.o
        36          0          0          0          0         68   strncat.o
       160          6          0          0          0         76   strncmp.o
       108          4          0          0          0         76   strncpy.o
        40          0          0          0          0         72   strstr.o
       172         18          0          0          0        120   strtod.o
       112          4          0          0          0         76   strtol.o
        12          4          0          0          0         60   sys_exit.o
        62          0          0          0          0         80   sys_stackheap_outer.o
        26          0          0          0          0         68   tolower.o
         2          0          0          0          0         68   use_no_semi.o
        46          0          0          0          0         60   cmpret.o
       124          4          0          0          0         72   d2f.o
       856         20          0          0          0        208   daddsub.o
       144          4          0          0          0         76   dcmpin.o
      1096         26        128          0          0        112   ddiv.o
       100          4          0          0          0         92   deqf.o
       108         10          0          0          0         72   dfixi.o
        88          0          0          0          0         92   dflti.o
       100          4          0          0          0         92   dlef.o
       584         26          0          0          0         84   dmul.o
        20          6          0          0          0         68   dnan2.o
       104          4          0          0          0        104   drlef.o
        96         12          0          0          0         72   dscalbn.o
       256          8          0          0          0         76   dsqrt.o
        84          4          0          0          0         60   f2d.o
       372          8          0          0          0        240   faddsub.o
       176          6          0          0          0         76   fcmp4.o
       100          4          0          0          0         68   fcmpin.o
       352         10         64          0          0         92   fdiv.o
        84          4          0          0          0         76   feqf.o
        76          0          0          0          0         68   ffixi.o
        48          0          0          0          0         60   ffixui.o
        94          0          0          0          0         92   fflti.o
        84          4          0          0          0         76   flef.o
       176          4          0          0          0         80   fmul.o
        16          6          0          0          0         68   fnan2.o
         0          0         16          0          0          0   fpconst.o
        88          4          0          0          0         76   frlef.o
        68          4          0          0          0         68   fscalbn.o
        16          4          0          0          0         76   printf1.o
        94          0          0          0          0         68   retnan.o
        16          4          0          0          0         76   scanf1.o
        32          8          0          0          0        100   scanf2.o
         0          0          0          0          0          0   usenofp.o
        42          0          0          0          0         76   atof.o
        94         14          0          0          0        408   dunder.o
        38          0          0          0          0         72   fmaxf.o
        38          0          0          0          0         72   fminf.o
        44          4          0          0          0         60   fpclassify.o
        88         16          0          0          0         72   frexp.o
       132          0          0          0          0        140   ldexp.o
       852         62         56          0          0        136   log.o
       216         10          0          0          0        144   narrow.o
       172          0          0          0          0         76   poly.o
      2556        196        136          0          0        240   pow.o
         0          0          8          0          0          0   qnan.o
        72          6          0          0          0         76   sqrt.o

    ----------------------------------------------------------------------
     20248        794        928          0        100       9840   Library Totals
        22          0          7          0          4          0   (incl. Padding)

    ----------------------------------------------------------------------

      Code (inc. data)   RO Data    RW Data    ZI Data      Debug   Library Name

     10184        284        513          0         96       5468   c_p.l
      5698        202        208          0          0       2800   fz_ps.l
      4344        308        200          0          0       1572   m_ps.l

    ----------------------------------------------------------------------
     20248        794        928          0        100       9840   Library Totals

    ----------------------------------------------------------------------

==============================================================================


      Code (inc. data)   RO Data    RW Data    ZI Data      Debug   

     91344      23256      32080        652       7156     451594   Grand Totals
     91344      23256      32080        384       7156     451594   ELF Image Totals (compressed)
     91344      23256      32080        384          0          0   ROM Totals

==============================================================================

    Total RO  Size (Code + RO Data)               123424 ( 120.53kB)
    Total RW  Size (RW Data + ZI Data)              7808 (   7.63kB)
    Total ROM Size (Code + RO Data + RW Data)     123808 ( 120.91kB)

==============================================================================

